Archive member included because of file (symbol)

c:/altera/13.0sp1/nios2eds/bin/gnu/h-i686-mingw32/bin/../lib/gcc/nios2-elf/4.1.2/mno-hw-mul\libgcc.a(lib2-mul.o)
                              obj/default/source.o (__mulsi3)
c:/altera/13.0sp1/nios2eds/bin/gnu/h-i686-mingw32/bin/../lib/gcc/nios2-elf/4.1.2/../../../../nios2-elf/lib/mno-hw-mul\libsmallc.a(lib_a-printf.o)
                              obj/default/source.o (printf)
c:/altera/13.0sp1/nios2eds/bin/gnu/h-i686-mingw32/bin/../lib/gcc/nios2-elf/4.1.2/../../../../nios2-elf/lib/mno-hw-mul\libsmallc.a(lib_a-putchar.o)
                              obj/default/source.o (putchar)
c:/altera/13.0sp1/nios2eds/bin/gnu/h-i686-mingw32/bin/../lib/gcc/nios2-elf/4.1.2/../../../../nios2-elf/lib/mno-hw-mul\libsmallc.a(lib_a-puts.o)
                              obj/default/source.o (puts)
c:/altera/13.0sp1/nios2eds/bin/gnu/h-i686-mingw32/bin/../lib/gcc/nios2-elf/4.1.2/../../../../nios2-elf/lib/mno-hw-mul\libsmallc.a(lib_a-strlen.o)
                              c:/altera/13.0sp1/nios2eds/bin/gnu/h-i686-mingw32/bin/../lib/gcc/nios2-elf/4.1.2/../../../../nios2-elf/lib/mno-hw-mul\libsmallc.a(lib_a-puts.o) (strlen)
c:/altera/13.0sp1/nios2eds/bin/gnu/h-i686-mingw32/bin/../lib/gcc/nios2-elf/4.1.2/../../../../nios2-elf/lib/mno-hw-mul\libsmallc.a(lib_a-vfprintf.o)
                              c:/altera/13.0sp1/nios2eds/bin/gnu/h-i686-mingw32/bin/../lib/gcc/nios2-elf/4.1.2/../../../../nios2-elf/lib/mno-hw-mul\libsmallc.a(lib_a-printf.o) (___vfprintf_internal_r)
c:/altera/13.0sp1/nios2eds/bin/gnu/h-i686-mingw32/bin/../lib/gcc/nios2-elf/4.1.2/../../../../nios2-elf/lib/mno-hw-mul\libsmallc.a(lib_a-fvwrite_small_dev.o)
                              c:/altera/13.0sp1/nios2eds/bin/gnu/h-i686-mingw32/bin/../lib/gcc/nios2-elf/4.1.2/../../../../nios2-elf/lib/mno-hw-mul\libsmallc.a(lib_a-printf.o) (__sfvwrite_small_dev)
c:/altera/13.0sp1/nios2eds/bin/gnu/h-i686-mingw32/bin/../lib/gcc/nios2-elf/4.1.2/../../../../nios2-elf/lib/mno-hw-mul\libsmallc.a(lib_a-impure.o)
                              c:/altera/13.0sp1/nios2eds/bin/gnu/h-i686-mingw32/bin/../lib/gcc/nios2-elf/4.1.2/../../../../nios2-elf/lib/mno-hw-mul\libsmallc.a(lib_a-printf.o) (_impure_ptr)
c:/altera/13.0sp1/nios2eds/bin/gnu/h-i686-mingw32/bin/../lib/gcc/nios2-elf/4.1.2/../../../../nios2-elf/lib/mno-hw-mul\libsmallc.a(lib_a-putc.o)
                              c:/altera/13.0sp1/nios2eds/bin/gnu/h-i686-mingw32/bin/../lib/gcc/nios2-elf/4.1.2/../../../../nios2-elf/lib/mno-hw-mul\libsmallc.a(lib_a-putchar.o) (_putc_r)
c:/altera/13.0sp1/nios2eds/bin/gnu/h-i686-mingw32/bin/../lib/gcc/nios2-elf/4.1.2/../../../../nios2-elf/lib/mno-hw-mul\libsmallc.a(lib_a-writer.o)
                              c:/altera/13.0sp1/nios2eds/bin/gnu/h-i686-mingw32/bin/../lib/gcc/nios2-elf/4.1.2/../../../../nios2-elf/lib/mno-hw-mul\libsmallc.a(lib_a-fvwrite_small_dev.o) (_write_r)
c:/altera/13.0sp1/nios2eds/bin/gnu/h-i686-mingw32/bin/../lib/gcc/nios2-elf/4.1.2/../../../../nios2-elf/lib/mno-hw-mul\libsmallc.a(lib_a-int_errno.o)
                              c:/altera/13.0sp1/nios2eds/bin/gnu/h-i686-mingw32/bin/../lib/gcc/nios2-elf/4.1.2/../../../../nios2-elf/lib/mno-hw-mul\libsmallc.a(lib_a-writer.o) (errno)
c:/altera/13.0sp1/nios2eds/bin/gnu/h-i686-mingw32/bin/../lib/gcc/nios2-elf/4.1.2/mno-hw-mul\libgcc.a(lib2-divmod.o)
                              c:/altera/13.0sp1/nios2eds/bin/gnu/h-i686-mingw32/bin/../lib/gcc/nios2-elf/4.1.2/../../../../nios2-elf/lib/mno-hw-mul\libsmallc.a(lib_a-vfprintf.o) (__udivsi3)
../SM4_V1_bsp/\libhal_bsp.a(alt_load.o)
                              ../SM4_V1_bsp//obj/HAL/src/crt0.o (alt_load)
../SM4_V1_bsp/\libhal_bsp.a(alt_main.o)
                              ../SM4_V1_bsp//obj/HAL/src/crt0.o (alt_main)
../SM4_V1_bsp/\libhal_bsp.a(alt_write.o)
                              c:/altera/13.0sp1/nios2eds/bin/gnu/h-i686-mingw32/bin/../lib/gcc/nios2-elf/4.1.2/../../../../nios2-elf/lib/mno-hw-mul\libsmallc.a(lib_a-writer.o) (write)
../SM4_V1_bsp/\libhal_bsp.a(alt_sys_init.o)
                              ../SM4_V1_bsp/\libhal_bsp.a(alt_main.o) (alt_irq_init)
../SM4_V1_bsp/\libhal_bsp.a(altera_avalon_jtag_uart_fd.o)
                              ../SM4_V1_bsp/\libhal_bsp.a(alt_sys_init.o) (altera_avalon_jtag_uart_read_fd)
../SM4_V1_bsp/\libhal_bsp.a(altera_avalon_jtag_uart_read.o)
                              ../SM4_V1_bsp/\libhal_bsp.a(altera_avalon_jtag_uart_fd.o) (altera_avalon_jtag_uart_read)
../SM4_V1_bsp/\libhal_bsp.a(altera_avalon_jtag_uart_write.o)
                              ../SM4_V1_bsp/\libhal_bsp.a(altera_avalon_jtag_uart_fd.o) (altera_avalon_jtag_uart_write)
../SM4_V1_bsp/\libhal_bsp.a(alt_close.o)
                              ../SM4_V1_bsp/\libhal_bsp.a(alt_main.o) (close)
../SM4_V1_bsp/\libhal_bsp.a(alt_dcache_flush_all.o)
                              ../SM4_V1_bsp/\libhal_bsp.a(alt_load.o) (alt_dcache_flush_all)
../SM4_V1_bsp/\libhal_bsp.a(alt_dev.o)
                              ../SM4_V1_bsp/\libhal_bsp.a(alt_sys_init.o) (alt_dev_list)
../SM4_V1_bsp/\libhal_bsp.a(alt_dev_llist_insert.o)
                              ../SM4_V1_bsp/\libhal_bsp.a(alt_sys_init.o) (alt_dev_llist_insert)
../SM4_V1_bsp/\libhal_bsp.a(alt_do_ctors.o)
                              ../SM4_V1_bsp/\libhal_bsp.a(alt_main.o) (_do_ctors)
../SM4_V1_bsp/\libhal_bsp.a(alt_do_dtors.o)
                              ../SM4_V1_bsp/\libhal_bsp.a(alt_main.o) (_do_dtors)
../SM4_V1_bsp/\libhal_bsp.a(alt_errno.o)
                              ../SM4_V1_bsp/\libhal_bsp.a(alt_write.o) (alt_errno)
../SM4_V1_bsp/\libhal_bsp.a(alt_icache_flush_all.o)
                              ../SM4_V1_bsp/\libhal_bsp.a(alt_load.o) (alt_icache_flush_all)
../SM4_V1_bsp/\libhal_bsp.a(alt_io_redirect.o)
                              ../SM4_V1_bsp/\libhal_bsp.a(alt_main.o) (alt_io_redirect)
../SM4_V1_bsp/\libhal_bsp.a(alt_open.o)
                              ../SM4_V1_bsp/\libhal_bsp.a(alt_io_redirect.o) (open)
../SM4_V1_bsp/\libhal_bsp.a(alt_release_fd.o)
                              ../SM4_V1_bsp/\libhal_bsp.a(alt_close.o) (alt_release_fd)
../SM4_V1_bsp/\libhal_bsp.a(altera_nios2_qsys_irq.o)
                              ../SM4_V1_bsp/\libhal_bsp.a(alt_sys_init.o) (altera_nios2_qsys_irq_init)
../SM4_V1_bsp/\libhal_bsp.a(alt_find_dev.o)
                              ../SM4_V1_bsp/\libhal_bsp.a(alt_open.o) (alt_find_dev)
../SM4_V1_bsp/\libhal_bsp.a(alt_find_file.o)
                              ../SM4_V1_bsp/\libhal_bsp.a(alt_open.o) (alt_find_file)
../SM4_V1_bsp/\libhal_bsp.a(alt_get_fd.o)
                              ../SM4_V1_bsp/\libhal_bsp.a(alt_open.o) (alt_get_fd)
c:/altera/13.0sp1/nios2eds/bin/gnu/h-i686-mingw32/bin/../lib/gcc/nios2-elf/4.1.2/../../../../nios2-elf/lib/mno-hw-mul\libsmallc.a(lib_a-atexit.o)
                              ../SM4_V1_bsp/\libhal_bsp.a(alt_main.o) (atexit)
c:/altera/13.0sp1/nios2eds/bin/gnu/h-i686-mingw32/bin/../lib/gcc/nios2-elf/4.1.2/../../../../nios2-elf/lib/mno-hw-mul\libsmallc.a(lib_a-exit.o)
                              ../SM4_V1_bsp/\libhal_bsp.a(alt_main.o) (exit)
c:/altera/13.0sp1/nios2eds/bin/gnu/h-i686-mingw32/bin/../lib/gcc/nios2-elf/4.1.2/../../../../nios2-elf/lib/mno-hw-mul\libsmallc.a(lib_a-memcmp.o)
                              ../SM4_V1_bsp/\libhal_bsp.a(alt_find_dev.o) (memcmp)
c:/altera/13.0sp1/nios2eds/bin/gnu/h-i686-mingw32/bin/../lib/gcc/nios2-elf/4.1.2/../../../../nios2-elf/lib/mno-hw-mul\libsmallc.a(lib_a-__atexit.o)
                              c:/altera/13.0sp1/nios2eds/bin/gnu/h-i686-mingw32/bin/../lib/gcc/nios2-elf/4.1.2/../../../../nios2-elf/lib/mno-hw-mul\libsmallc.a(lib_a-atexit.o) (__register_exitproc)
c:/altera/13.0sp1/nios2eds/bin/gnu/h-i686-mingw32/bin/../lib/gcc/nios2-elf/4.1.2/../../../../nios2-elf/lib/mno-hw-mul\libsmallc.a(lib_a-__call_atexit.o)
                              c:/altera/13.0sp1/nios2eds/bin/gnu/h-i686-mingw32/bin/../lib/gcc/nios2-elf/4.1.2/../../../../nios2-elf/lib/mno-hw-mul\libsmallc.a(lib_a-exit.o) (__call_exitprocs)
../SM4_V1_bsp/\libhal_bsp.a(alt_exit.o)
                              c:/altera/13.0sp1/nios2eds/bin/gnu/h-i686-mingw32/bin/../lib/gcc/nios2-elf/4.1.2/../../../../nios2-elf/lib/mno-hw-mul\libsmallc.a(lib_a-exit.o) (_exit)

Allocating common symbols
Common symbol       size              file

errno               0x4               c:/altera/13.0sp1/nios2eds/bin/gnu/h-i686-mingw32/bin/../lib/gcc/nios2-elf/4.1.2/../../../../nios2-elf/lib/mno-hw-mul\libsmallc.a(lib_a-int_errno.o)
_atexit0            0x8c              c:/altera/13.0sp1/nios2eds/bin/gnu/h-i686-mingw32/bin/../lib/gcc/nios2-elf/4.1.2/../../../../nios2-elf/lib/mno-hw-mul\libsmallc.a(lib_a-atexit.o)

Memory Configuration

Name             Origin             Length             Attributes
reset            0x00008000         0x00000020
onchip_memory2_0 0x00008020         0x00007fe0
*default*        0x00000000         0xffffffff

Linker script and memory map

LOAD ../SM4_V1_bsp//obj/HAL/src/crt0.o
LOAD obj/default/source.o
LOAD c:/altera/13.0sp1/nios2eds/bin/gnu/h-i686-mingw32/bin/../lib/gcc/nios2-elf/4.1.2/../../../../nios2-elf/lib/mno-hw-mul\libstdc++.a
LOAD c:/altera/13.0sp1/nios2eds/bin/gnu/h-i686-mingw32/bin/../lib/gcc/nios2-elf/4.1.2/../../../../nios2-elf/lib/mno-hw-mul\libm.a
LOAD c:/altera/13.0sp1/nios2eds/bin/gnu/h-i686-mingw32/bin/../lib/gcc/nios2-elf/4.1.2/mno-hw-mul\libgcc.a
START GROUP
LOAD c:/altera/13.0sp1/nios2eds/bin/gnu/h-i686-mingw32/bin/../lib/gcc/nios2-elf/4.1.2/../../../../nios2-elf/lib/mno-hw-mul\libsmallc.a
LOAD c:/altera/13.0sp1/nios2eds/bin/gnu/h-i686-mingw32/bin/../lib/gcc/nios2-elf/4.1.2/mno-hw-mul\libgcc.a
LOAD ../SM4_V1_bsp/\libhal_bsp.a
END GROUP
LOAD c:/altera/13.0sp1/nios2eds/bin/gnu/h-i686-mingw32/bin/../lib/gcc/nios2-elf/4.1.2/mno-hw-mul\libgcc.a
                0x00008000                __alt_mem_onchip_memory2_0 = 0x8000

.entry          0x00008000       0x20
 *(.entry)
 .entry         0x00008000       0x20 ../SM4_V1_bsp//obj/HAL/src/crt0.o
                0x00008000                __reset

.exceptions     0x00008020        0x0
                0x00008020                PROVIDE (__ram_exceptions_start, ABSOLUTE (.))
                0x00008020                . = ALIGN (0x20)
 *(.irq)
 *(.exceptions.entry.label)
 *(.exceptions.entry.user)
 *(.exceptions.entry)
 *(.exceptions.irqtest.user)
 *(.exceptions.irqtest)
 *(.exceptions.irqhandler.user)
 *(.exceptions.irqhandler)
 *(.exceptions.irqreturn.user)
 *(.exceptions.irqreturn)
 *(.exceptions.notirq.label)
 *(.exceptions.notirq.user)
 *(.exceptions.notirq)
 *(.exceptions.soft.user)
 *(.exceptions.soft)
 *(.exceptions.unknown.user)
 *(.exceptions.unknown)
 *(.exceptions.exit.label)
 *(.exceptions.exit.user)
 *(.exceptions.exit)
 *(.exceptions)
                0x00008020                PROVIDE (__ram_exceptions_end, ABSOLUTE (.))
                0x00008020                PROVIDE (__flash_exceptions_start, LOADADDR (.exceptions))

.text           0x00008020     0x29a4
                0x00008020                PROVIDE (stext, ABSOLUTE (.))
 *(.interp)
 *(.hash)
 *(.dynsym)
 *(.dynstr)
 *(.gnu.version)
 *(.gnu.version_d)
 *(.gnu.version_r)
 *(.rel.init)
 *(.rela.init)
 *(.rel.text .rel.text.* .rel.gnu.linkonce.t.*)
 *(.rela.text .rela.text.* .rela.gnu.linkonce.t.*)
 *(.rel.fini)
 *(.rela.fini)
 *(.rel.rodata .rel.rodata.* .rel.gnu.linkonce.r.*)
 *(.rela.rodata .rela.rodata.* .rela.gnu.linkonce.r.*)
 *(.rel.data .rel.data.* .rel.gnu.linkonce.d.*)
 *(.rela.data .rela.data.* .rela.gnu.linkonce.d.*)
 *(.rel.tdata .rel.tdata.* .rel.gnu.linkonce.td.*)
 *(.rela.tdata .rela.tdata.* .rela.gnu.linkonce.td.*)
 *(.rel.tbss .rel.tbss.* .rel.gnu.linkonce.tb.*)
 *(.rela.tbss .rela.tbss.* .rela.gnu.linkonce.tb.*)
 *(.rel.ctors)
 *(.rela.ctors)
 *(.rel.dtors)
 *(.rela.dtors)
 *(.rel.got)
 *(.rela.got)
 *(.rel.sdata .rel.sdata.* .rel.gnu.linkonce.s.*)
 *(.rela.sdata .rela.sdata.* .rela.gnu.linkonce.s.*)
 *(.rel.sbss .rel.sbss.* .rel.gnu.linkonce.sb.*)
 *(.rela.sbss .rela.sbss.* .rela.gnu.linkonce.sb.*)
 *(.rel.sdata2 .rel.sdata2.* .rel.gnu.linkonce.s2.*)
 *(.rela.sdata2 .rela.sdata2.* .rela.gnu.linkonce.s2.*)
 *(.rel.sbss2 .rel.sbss2.* .rel.gnu.linkonce.sb2.*)
 *(.rela.sbss2 .rela.sbss2.* .rela.gnu.linkonce.sb2.*)
 *(.rel.bss .rel.bss.* .rel.gnu.linkonce.b.*)
 *(.rela.bss .rela.bss.* .rela.gnu.linkonce.b.*)
 *(.rel.plt)
 *(.rela.plt)
 *(.rel.dyn)
 *(.init)
 *(.plt)
 *(.text .stub .text.* .gnu.linkonce.t.*)
 .text          0x00008020       0x3c ../SM4_V1_bsp//obj/HAL/src/crt0.o
                0x00008020                _start
 .text          0x0000805c      0x84c obj/default/source.o
                0x0000805c                main
 .text          0x000088a8       0x38 c:/altera/13.0sp1/nios2eds/bin/gnu/h-i686-mingw32/bin/../lib/gcc/nios2-elf/4.1.2/mno-hw-mul\libgcc.a(lib2-mul.o)
                0x000088a8                __mulsi3
 .text          0x000088e0       0x98 c:/altera/13.0sp1/nios2eds/bin/gnu/h-i686-mingw32/bin/../lib/gcc/nios2-elf/4.1.2/../../../../nios2-elf/lib/mno-hw-mul\libsmallc.a(lib_a-printf.o)
                0x000088e0                printf
                0x00008934                _printf_r
 .text          0x00008978       0x24 c:/altera/13.0sp1/nios2eds/bin/gnu/h-i686-mingw32/bin/../lib/gcc/nios2-elf/4.1.2/../../../../nios2-elf/lib/mno-hw-mul\libsmallc.a(lib_a-putchar.o)
                0x00008978                putchar
                0x00008994                _putchar_r
 .text          0x0000899c       0xa4 c:/altera/13.0sp1/nios2eds/bin/gnu/h-i686-mingw32/bin/../lib/gcc/nios2-elf/4.1.2/../../../../nios2-elf/lib/mno-hw-mul\libsmallc.a(lib_a-puts.o)
                0x0000899c                _puts_r
                0x00008a2c                puts
 .text          0x00008a40       0x20 c:/altera/13.0sp1/nios2eds/bin/gnu/h-i686-mingw32/bin/../lib/gcc/nios2-elf/4.1.2/../../../../nios2-elf/lib/mno-hw-mul\libsmallc.a(lib_a-strlen.o)
                0x00008a40                strlen
 .text          0x00008a60      0x740 c:/altera/13.0sp1/nios2eds/bin/gnu/h-i686-mingw32/bin/../lib/gcc/nios2-elf/4.1.2/../../../../nios2-elf/lib/mno-hw-mul\libsmallc.a(lib_a-vfprintf.o)
                0x00008ae0                ___vfprintf_internal_r
                0x0000917c                __vfprintf_internal
 .text          0x000091a0       0xbc c:/altera/13.0sp1/nios2eds/bin/gnu/h-i686-mingw32/bin/../lib/gcc/nios2-elf/4.1.2/../../../../nios2-elf/lib/mno-hw-mul\libsmallc.a(lib_a-fvwrite_small_dev.o)
                0x000091a0                __sfvwrite_small_dev
 .text          0x0000925c        0x0 c:/altera/13.0sp1/nios2eds/bin/gnu/h-i686-mingw32/bin/../lib/gcc/nios2-elf/4.1.2/../../../../nios2-elf/lib/mno-hw-mul\libsmallc.a(lib_a-impure.o)
 .text          0x0000925c       0xe4 c:/altera/13.0sp1/nios2eds/bin/gnu/h-i686-mingw32/bin/../lib/gcc/nios2-elf/4.1.2/../../../../nios2-elf/lib/mno-hw-mul\libsmallc.a(lib_a-putc.o)
                0x0000925c                putc
                0x000092cc                _putc_r
 .text          0x00009340       0x78 c:/altera/13.0sp1/nios2eds/bin/gnu/h-i686-mingw32/bin/../lib/gcc/nios2-elf/4.1.2/../../../../nios2-elf/lib/mno-hw-mul\libsmallc.a(lib_a-writer.o)
                0x00009340                _write_r
 .text          0x000093b8        0x0 c:/altera/13.0sp1/nios2eds/bin/gnu/h-i686-mingw32/bin/../lib/gcc/nios2-elf/4.1.2/../../../../nios2-elf/lib/mno-hw-mul\libsmallc.a(lib_a-int_errno.o)
 .text          0x000093b8      0x14c c:/altera/13.0sp1/nios2eds/bin/gnu/h-i686-mingw32/bin/../lib/gcc/nios2-elf/4.1.2/mno-hw-mul\libgcc.a(lib2-divmod.o)
                0x00009434                __divsi3
                0x00009494                __modsi3
                0x000094f4                __udivsi3
                0x000094fc                __umodsi3
 .text          0x00009504       0xec ../SM4_V1_bsp/\libhal_bsp.a(alt_load.o)
                0x00009504                alt_load
 .text          0x000095f0       0x6c ../SM4_V1_bsp/\libhal_bsp.a(alt_main.o)
                0x000095f0                alt_main
 .text          0x0000965c      0x184 ../SM4_V1_bsp/\libhal_bsp.a(alt_write.o)
                0x0000965c                write
 .text          0x000097e0       0x9c ../SM4_V1_bsp/\libhal_bsp.a(alt_sys_init.o)
                0x000097e0                alt_irq_init
                0x00009814                alt_sys_init
 .text          0x0000987c       0xb0 ../SM4_V1_bsp/\libhal_bsp.a(altera_avalon_jtag_uart_fd.o)
                0x0000987c                altera_avalon_jtag_uart_read_fd
                0x000098d4                altera_avalon_jtag_uart_write_fd
 .text          0x0000992c      0x104 ../SM4_V1_bsp/\libhal_bsp.a(altera_avalon_jtag_uart_read.o)
                0x0000992c                altera_avalon_jtag_uart_read
 .text          0x00009a30       0xa4 ../SM4_V1_bsp/\libhal_bsp.a(altera_avalon_jtag_uart_write.o)
                0x00009a30                altera_avalon_jtag_uart_write
 .text          0x00009ad4      0x160 ../SM4_V1_bsp/\libhal_bsp.a(alt_close.o)
                0x00009ad4                close
 .text          0x00009c34       0x1c ../SM4_V1_bsp/\libhal_bsp.a(alt_dcache_flush_all.o)
                0x00009c34                alt_dcache_flush_all
 .text          0x00009c50       0x2c ../SM4_V1_bsp/\libhal_bsp.a(alt_dev.o)
 .text          0x00009c7c      0x114 ../SM4_V1_bsp/\libhal_bsp.a(alt_dev_llist_insert.o)
                0x00009c7c                alt_dev_llist_insert
 .text          0x00009d90       0x64 ../SM4_V1_bsp/\libhal_bsp.a(alt_do_ctors.o)
                0x00009d90                _do_ctors
 .text          0x00009df4       0x64 ../SM4_V1_bsp/\libhal_bsp.a(alt_do_dtors.o)
                0x00009df4                _do_dtors
 .text          0x00009e58        0x0 ../SM4_V1_bsp/\libhal_bsp.a(alt_errno.o)
 .text          0x00009e58       0x1c ../SM4_V1_bsp/\libhal_bsp.a(alt_icache_flush_all.o)
                0x00009e58                alt_icache_flush_all
 .text          0x00009e74      0x150 ../SM4_V1_bsp/\libhal_bsp.a(alt_io_redirect.o)
                0x00009f4c                alt_io_redirect
 .text          0x00009fc4      0x2e4 ../SM4_V1_bsp/\libhal_bsp.a(alt_open.o)
                0x0000a0bc                open
 .text          0x0000a2a8       0x78 ../SM4_V1_bsp/\libhal_bsp.a(alt_release_fd.o)
                0x0000a2a8                alt_release_fd
 .text          0x0000a320       0x20 ../SM4_V1_bsp/\libhal_bsp.a(altera_nios2_qsys_irq.o)
                0x0000a320                altera_nios2_qsys_irq_init
 .text          0x0000a340       0x94 ../SM4_V1_bsp/\libhal_bsp.a(alt_find_dev.o)
                0x0000a340                alt_find_dev
 .text          0x0000a3d4      0x120 ../SM4_V1_bsp/\libhal_bsp.a(alt_find_file.o)
                0x0000a3d4                alt_find_file
 .text          0x0000a4f4       0xd0 ../SM4_V1_bsp/\libhal_bsp.a(alt_get_fd.o)
                0x0000a4f4                alt_get_fd
 .text          0x0000a5c4       0x14 c:/altera/13.0sp1/nios2eds/bin/gnu/h-i686-mingw32/bin/../lib/gcc/nios2-elf/4.1.2/../../../../nios2-elf/lib/mno-hw-mul\libsmallc.a(lib_a-atexit.o)
                0x0000a5c4                atexit
 .text          0x0000a5d8       0x20 c:/altera/13.0sp1/nios2eds/bin/gnu/h-i686-mingw32/bin/../lib/gcc/nios2-elf/4.1.2/../../../../nios2-elf/lib/mno-hw-mul\libsmallc.a(lib_a-exit.o)
                0x0000a5d8                exit
 .text          0x0000a5f8       0x3c c:/altera/13.0sp1/nios2eds/bin/gnu/h-i686-mingw32/bin/../lib/gcc/nios2-elf/4.1.2/../../../../nios2-elf/lib/mno-hw-mul\libsmallc.a(lib_a-memcmp.o)
                0x0000a5f8                memcmp
 .text          0x0000a634      0x16c c:/altera/13.0sp1/nios2eds/bin/gnu/h-i686-mingw32/bin/../lib/gcc/nios2-elf/4.1.2/../../../../nios2-elf/lib/mno-hw-mul\libsmallc.a(lib_a-__atexit.o)
                0x0000a634                __register_exitproc
 .text          0x0000a7a0      0x1c0 c:/altera/13.0sp1/nios2eds/bin/gnu/h-i686-mingw32/bin/../lib/gcc/nios2-elf/4.1.2/../../../../nios2-elf/lib/mno-hw-mul\libsmallc.a(lib_a-__call_atexit.o)
                0x0000a7a4                __call_exitprocs
 .text          0x0000a960       0x60 ../SM4_V1_bsp/\libhal_bsp.a(alt_exit.o)
                0x0000a9a0                _exit
 *(.gnu.warning.*)
 *(.fini)
                0x0000a9c0                PROVIDE (__etext, ABSOLUTE (.))
                0x0000a9c0                PROVIDE (_etext, ABSOLUTE (.))
                0x0000a9c0                PROVIDE (etext, ABSOLUTE (.))
 *(.eh_frame_hdr)
                0x0000a9c0                . = ALIGN (0x4)
                0x0000a9c0                PROVIDE (__preinit_array_start, ABSOLUTE (.))
 *(.preinit_array)
                0x0000a9c0                PROVIDE (__preinit_array_end, ABSOLUTE (.))
                0x0000a9c0                PROVIDE (__init_array_start, ABSOLUTE (.))
 *(.init_array)
                0x0000a9c0                PROVIDE (__init_array_end, ABSOLUTE (.))
                0x0000a9c0                PROVIDE (__fini_array_start, ABSOLUTE (.))
 *(.fini_array)
                0x0000a9c0                PROVIDE (__fini_array_end, ABSOLUTE (.))
 *(.eh_frame)
 *(.gcc_except_table)
 *(.dynamic)
                0x0000a9c0                PROVIDE (__CTOR_LIST__, ABSOLUTE (.))
 *(.ctors)
 *(SORT(.ctors.*))
 .ctors.65535   0x0000a9c0        0x4 c:/altera/13.0sp1/nios2eds/bin/gnu/h-i686-mingw32/bin/../lib/gcc/nios2-elf/4.1.2/../../../../nios2-elf/lib/mno-hw-mul\libsmallc.a(lib_a-__call_atexit.o)
                0x0000a9c4                PROVIDE (__CTOR_END__, ABSOLUTE (.))
                0x0000a9c4                PROVIDE (__DTOR_LIST__, ABSOLUTE (.))
 *(.dtors)
 *(SORT(.dtors.*))
                0x0000a9c4                PROVIDE (__DTOR_END__, ABSOLUTE (.))
 *(.jcr)
                0x0000a9c4                . = ALIGN (0x4)

.rodata         0x0000a9c4      0x114
                0x0000a9c4                PROVIDE (__ram_rodata_start, ABSOLUTE (.))
                0x0000a9c4                . = ALIGN (0x4)
 *(.rodata .rodata.* .gnu.linkonce.r.*)
 .rodata        0x0000a9c4       0xdc obj/default/source.o
 .rodata.str1.4
                0x0000aaa0        0x4 c:/altera/13.0sp1/nios2eds/bin/gnu/h-i686-mingw32/bin/../lib/gcc/nios2-elf/4.1.2/../../../../nios2-elf/lib/mno-hw-mul\libsmallc.a(lib_a-puts.o)
 .rodata        0x0000aaa4       0x14 ../SM4_V1_bsp/\libhal_bsp.a(alt_main.o)
 .rodata        0x0000aab8       0x14 ../SM4_V1_bsp/\libhal_bsp.a(alt_sys_init.o)
 .rodata        0x0000aacc        0xc ../SM4_V1_bsp/\libhal_bsp.a(alt_dev.o)
 *(.rodata1)
                0x0000aad8                . = ALIGN (0x4)
                0x0000aad8                PROVIDE (__ram_rodata_end, ABSOLUTE (.))
                0x0000a9c4                PROVIDE (__flash_rodata_start, LOADADDR (.rodata))

.rwdata         0x0000aad8      0x2d4 load address 0x0000adac
                0x0000aad8                PROVIDE (__ram_rwdata_start, ABSOLUTE (.))
                0x0000aad8                . = ALIGN (0x4)
 *(.got.plt)
 *(.got)
 *(.data1)
 *(.data .data.* .gnu.linkonce.d.*)
 .data          0x0000aad8        0x0 ../SM4_V1_bsp//obj/HAL/src/crt0.o
 .data          0x0000aad8        0x0 obj/default/source.o
 .data          0x0000aad8        0x0 c:/altera/13.0sp1/nios2eds/bin/gnu/h-i686-mingw32/bin/../lib/gcc/nios2-elf/4.1.2/mno-hw-mul\libgcc.a(lib2-mul.o)
 .data          0x0000aad8        0x0 c:/altera/13.0sp1/nios2eds/bin/gnu/h-i686-mingw32/bin/../lib/gcc/nios2-elf/4.1.2/../../../../nios2-elf/lib/mno-hw-mul\libsmallc.a(lib_a-printf.o)
 .data          0x0000aad8        0x0 c:/altera/13.0sp1/nios2eds/bin/gnu/h-i686-mingw32/bin/../lib/gcc/nios2-elf/4.1.2/../../../../nios2-elf/lib/mno-hw-mul\libsmallc.a(lib_a-putchar.o)
 .data          0x0000aad8        0x0 c:/altera/13.0sp1/nios2eds/bin/gnu/h-i686-mingw32/bin/../lib/gcc/nios2-elf/4.1.2/../../../../nios2-elf/lib/mno-hw-mul\libsmallc.a(lib_a-puts.o)
 .data          0x0000aad8        0x0 c:/altera/13.0sp1/nios2eds/bin/gnu/h-i686-mingw32/bin/../lib/gcc/nios2-elf/4.1.2/../../../../nios2-elf/lib/mno-hw-mul\libsmallc.a(lib_a-strlen.o)
 .data          0x0000aad8        0x0 c:/altera/13.0sp1/nios2eds/bin/gnu/h-i686-mingw32/bin/../lib/gcc/nios2-elf/4.1.2/../../../../nios2-elf/lib/mno-hw-mul\libsmallc.a(lib_a-vfprintf.o)
 .data          0x0000aad8        0x0 c:/altera/13.0sp1/nios2eds/bin/gnu/h-i686-mingw32/bin/../lib/gcc/nios2-elf/4.1.2/../../../../nios2-elf/lib/mno-hw-mul\libsmallc.a(lib_a-fvwrite_small_dev.o)
 .data          0x0000aad8       0xe0 c:/altera/13.0sp1/nios2eds/bin/gnu/h-i686-mingw32/bin/../lib/gcc/nios2-elf/4.1.2/../../../../nios2-elf/lib/mno-hw-mul\libsmallc.a(lib_a-impure.o)
 .data          0x0000abb8        0x0 c:/altera/13.0sp1/nios2eds/bin/gnu/h-i686-mingw32/bin/../lib/gcc/nios2-elf/4.1.2/../../../../nios2-elf/lib/mno-hw-mul\libsmallc.a(lib_a-putc.o)
 .data          0x0000abb8        0x0 c:/altera/13.0sp1/nios2eds/bin/gnu/h-i686-mingw32/bin/../lib/gcc/nios2-elf/4.1.2/../../../../nios2-elf/lib/mno-hw-mul\libsmallc.a(lib_a-writer.o)
 .data          0x0000abb8        0x0 c:/altera/13.0sp1/nios2eds/bin/gnu/h-i686-mingw32/bin/../lib/gcc/nios2-elf/4.1.2/../../../../nios2-elf/lib/mno-hw-mul\libsmallc.a(lib_a-int_errno.o)
 .data          0x0000abb8        0x0 c:/altera/13.0sp1/nios2eds/bin/gnu/h-i686-mingw32/bin/../lib/gcc/nios2-elf/4.1.2/mno-hw-mul\libgcc.a(lib2-divmod.o)
 .data          0x0000abb8        0x0 ../SM4_V1_bsp/\libhal_bsp.a(alt_load.o)
 .data          0x0000abb8        0x0 ../SM4_V1_bsp/\libhal_bsp.a(alt_main.o)
 .data          0x0000abb8        0x0 ../SM4_V1_bsp/\libhal_bsp.a(alt_write.o)
 .data          0x0000abb8       0x2c ../SM4_V1_bsp/\libhal_bsp.a(alt_sys_init.o)
 .data          0x0000abe4        0x0 ../SM4_V1_bsp/\libhal_bsp.a(altera_avalon_jtag_uart_fd.o)
 .data          0x0000abe4        0x0 ../SM4_V1_bsp/\libhal_bsp.a(altera_avalon_jtag_uart_read.o)
 .data          0x0000abe4        0x0 ../SM4_V1_bsp/\libhal_bsp.a(altera_avalon_jtag_uart_write.o)
 .data          0x0000abe4        0x0 ../SM4_V1_bsp/\libhal_bsp.a(alt_close.o)
 .data          0x0000abe4        0x0 ../SM4_V1_bsp/\libhal_bsp.a(alt_dcache_flush_all.o)
 .data          0x0000abe4      0x1a8 ../SM4_V1_bsp/\libhal_bsp.a(alt_dev.o)
                0x0000abe4                alt_dev_null
                0x0000ac0c                alt_fd_list
 .data          0x0000ad8c        0x0 ../SM4_V1_bsp/\libhal_bsp.a(alt_dev_llist_insert.o)
 .data          0x0000ad8c        0x0 ../SM4_V1_bsp/\libhal_bsp.a(alt_do_ctors.o)
 .data          0x0000ad8c        0x0 ../SM4_V1_bsp/\libhal_bsp.a(alt_do_dtors.o)
 .data          0x0000ad8c        0x0 ../SM4_V1_bsp/\libhal_bsp.a(alt_errno.o)
 .data          0x0000ad8c        0x0 ../SM4_V1_bsp/\libhal_bsp.a(alt_icache_flush_all.o)
 .data          0x0000ad8c        0x0 ../SM4_V1_bsp/\libhal_bsp.a(alt_io_redirect.o)
 .data          0x0000ad8c        0x0 ../SM4_V1_bsp/\libhal_bsp.a(alt_open.o)
 .data          0x0000ad8c        0x0 ../SM4_V1_bsp/\libhal_bsp.a(alt_release_fd.o)
 .data          0x0000ad8c        0x0 ../SM4_V1_bsp/\libhal_bsp.a(altera_nios2_qsys_irq.o)
 .data          0x0000ad8c        0x0 ../SM4_V1_bsp/\libhal_bsp.a(alt_find_dev.o)
 .data          0x0000ad8c        0x0 ../SM4_V1_bsp/\libhal_bsp.a(alt_find_file.o)
 .data          0x0000ad8c        0x0 ../SM4_V1_bsp/\libhal_bsp.a(alt_get_fd.o)
 .data          0x0000ad8c        0x0 c:/altera/13.0sp1/nios2eds/bin/gnu/h-i686-mingw32/bin/../lib/gcc/nios2-elf/4.1.2/../../../../nios2-elf/lib/mno-hw-mul\libsmallc.a(lib_a-atexit.o)
 .data          0x0000ad8c        0x0 c:/altera/13.0sp1/nios2eds/bin/gnu/h-i686-mingw32/bin/../lib/gcc/nios2-elf/4.1.2/../../../../nios2-elf/lib/mno-hw-mul\libsmallc.a(lib_a-exit.o)
 .data          0x0000ad8c        0x0 c:/altera/13.0sp1/nios2eds/bin/gnu/h-i686-mingw32/bin/../lib/gcc/nios2-elf/4.1.2/../../../../nios2-elf/lib/mno-hw-mul\libsmallc.a(lib_a-memcmp.o)
 .data          0x0000ad8c        0x0 c:/altera/13.0sp1/nios2eds/bin/gnu/h-i686-mingw32/bin/../lib/gcc/nios2-elf/4.1.2/../../../../nios2-elf/lib/mno-hw-mul\libsmallc.a(lib_a-__atexit.o)
 .data          0x0000ad8c        0x0 c:/altera/13.0sp1/nios2eds/bin/gnu/h-i686-mingw32/bin/../lib/gcc/nios2-elf/4.1.2/../../../../nios2-elf/lib/mno-hw-mul\libsmallc.a(lib_a-__call_atexit.o)
 .data          0x0000ad8c        0x0 ../SM4_V1_bsp/\libhal_bsp.a(alt_exit.o)
                0x00012d8c                _gp = ABSOLUTE ((. + 0x8000))
                0x00012d8c                PROVIDE (gp, _gp)
 *(.rwdata .rwdata.*)
 *(.sdata .sdata.* .gnu.linkonce.s.*)
 .sdata         0x0000ad8c        0x8 c:/altera/13.0sp1/nios2eds/bin/gnu/h-i686-mingw32/bin/../lib/gcc/nios2-elf/4.1.2/../../../../nios2-elf/lib/mno-hw-mul\libsmallc.a(lib_a-impure.o)
                0x0000ad8c                _impure_ptr
                0x0000ad90                _global_impure_ptr
 .sdata         0x0000ad94       0x14 ../SM4_V1_bsp/\libhal_bsp.a(alt_dev.o)
                0x0000ad94                alt_fs_list
                0x0000ad9c                alt_dev_list
                0x0000ada4                alt_max_fd
 .sdata         0x0000ada8        0x4 ../SM4_V1_bsp/\libhal_bsp.a(alt_errno.o)
                0x0000ada8                alt_errno
 *(.sdata2 .sdata2.* .gnu.linkonce.s2.*)
                0x0000adac                . = ALIGN (0x4)
                0x0000adac                _edata = ABSOLUTE (.)
                0x0000adac                PROVIDE (edata, ABSOLUTE (.))
                0x0000adac                PROVIDE (__ram_rwdata_end, ABSOLUTE (.))
                0x0000adac                PROVIDE (__flash_rwdata_start, LOADADDR (.rwdata))

.bss            0x0000b080       0x9c
                0x0000b080                __bss_start = ABSOLUTE (.)
                0x0000b080                PROVIDE (__sbss_start, ABSOLUTE (.))
                0x0000b080                PROVIDE (___sbss_start, ABSOLUTE (.))
 *(.dynsbss)
 *(.sbss .sbss.* .gnu.linkonce.sb.*)
 .sbss          0x0000b080        0x4 c:/altera/13.0sp1/nios2eds/bin/gnu/h-i686-mingw32/bin/../lib/gcc/nios2-elf/4.1.2/../../../../nios2-elf/lib/mno-hw-mul\libsmallc.a(lib_a-int_errno.o)
                0x0000b080                errno
 .sbss          0x0000b084        0xc ../SM4_V1_bsp/\libhal_bsp.a(alt_main.o)
                0x0000b084                alt_argc
                0x0000b088                alt_argv
                0x0000b08c                alt_envp
 *(.sbss2 .sbss2.* .gnu.linkonce.sb2.*)
 *(.scommon)
                0x0000b090                PROVIDE (__sbss_end, ABSOLUTE (.))
                0x0000b090                PROVIDE (___sbss_end, ABSOLUTE (.))
 *(.dynbss)
 *(.bss .bss.* .gnu.linkonce.b.*)
 .bss           0x0000b090        0x0 ../SM4_V1_bsp//obj/HAL/src/crt0.o
 .bss           0x0000b090        0x0 obj/default/source.o
 .bss           0x0000b090        0x0 c:/altera/13.0sp1/nios2eds/bin/gnu/h-i686-mingw32/bin/../lib/gcc/nios2-elf/4.1.2/mno-hw-mul\libgcc.a(lib2-mul.o)
 .bss           0x0000b090        0x0 c:/altera/13.0sp1/nios2eds/bin/gnu/h-i686-mingw32/bin/../lib/gcc/nios2-elf/4.1.2/../../../../nios2-elf/lib/mno-hw-mul\libsmallc.a(lib_a-printf.o)
 .bss           0x0000b090        0x0 c:/altera/13.0sp1/nios2eds/bin/gnu/h-i686-mingw32/bin/../lib/gcc/nios2-elf/4.1.2/../../../../nios2-elf/lib/mno-hw-mul\libsmallc.a(lib_a-putchar.o)
 .bss           0x0000b090        0x0 c:/altera/13.0sp1/nios2eds/bin/gnu/h-i686-mingw32/bin/../lib/gcc/nios2-elf/4.1.2/../../../../nios2-elf/lib/mno-hw-mul\libsmallc.a(lib_a-puts.o)
 .bss           0x0000b090        0x0 c:/altera/13.0sp1/nios2eds/bin/gnu/h-i686-mingw32/bin/../lib/gcc/nios2-elf/4.1.2/../../../../nios2-elf/lib/mno-hw-mul\libsmallc.a(lib_a-strlen.o)
 .bss           0x0000b090        0x0 c:/altera/13.0sp1/nios2eds/bin/gnu/h-i686-mingw32/bin/../lib/gcc/nios2-elf/4.1.2/../../../../nios2-elf/lib/mno-hw-mul\libsmallc.a(lib_a-vfprintf.o)
 .bss           0x0000b090        0x0 c:/altera/13.0sp1/nios2eds/bin/gnu/h-i686-mingw32/bin/../lib/gcc/nios2-elf/4.1.2/../../../../nios2-elf/lib/mno-hw-mul\libsmallc.a(lib_a-fvwrite_small_dev.o)
 .bss           0x0000b090        0x0 c:/altera/13.0sp1/nios2eds/bin/gnu/h-i686-mingw32/bin/../lib/gcc/nios2-elf/4.1.2/../../../../nios2-elf/lib/mno-hw-mul\libsmallc.a(lib_a-impure.o)
 .bss           0x0000b090        0x0 c:/altera/13.0sp1/nios2eds/bin/gnu/h-i686-mingw32/bin/../lib/gcc/nios2-elf/4.1.2/../../../../nios2-elf/lib/mno-hw-mul\libsmallc.a(lib_a-putc.o)
 .bss           0x0000b090        0x0 c:/altera/13.0sp1/nios2eds/bin/gnu/h-i686-mingw32/bin/../lib/gcc/nios2-elf/4.1.2/../../../../nios2-elf/lib/mno-hw-mul\libsmallc.a(lib_a-writer.o)
 .bss           0x0000b090        0x0 c:/altera/13.0sp1/nios2eds/bin/gnu/h-i686-mingw32/bin/../lib/gcc/nios2-elf/4.1.2/../../../../nios2-elf/lib/mno-hw-mul\libsmallc.a(lib_a-int_errno.o)
 .bss           0x0000b090        0x0 c:/altera/13.0sp1/nios2eds/bin/gnu/h-i686-mingw32/bin/../lib/gcc/nios2-elf/4.1.2/mno-hw-mul\libgcc.a(lib2-divmod.o)
 .bss           0x0000b090        0x0 ../SM4_V1_bsp/\libhal_bsp.a(alt_load.o)
 .bss           0x0000b090        0x0 ../SM4_V1_bsp/\libhal_bsp.a(alt_main.o)
 .bss           0x0000b090        0x0 ../SM4_V1_bsp/\libhal_bsp.a(alt_write.o)
 .bss           0x0000b090        0x0 ../SM4_V1_bsp/\libhal_bsp.a(alt_sys_init.o)
 .bss           0x0000b090        0x0 ../SM4_V1_bsp/\libhal_bsp.a(altera_avalon_jtag_uart_fd.o)
 .bss           0x0000b090        0x0 ../SM4_V1_bsp/\libhal_bsp.a(altera_avalon_jtag_uart_read.o)
 .bss           0x0000b090        0x0 ../SM4_V1_bsp/\libhal_bsp.a(altera_avalon_jtag_uart_write.o)
 .bss           0x0000b090        0x0 ../SM4_V1_bsp/\libhal_bsp.a(alt_close.o)
 .bss           0x0000b090        0x0 ../SM4_V1_bsp/\libhal_bsp.a(alt_dcache_flush_all.o)
 .bss           0x0000b090        0x0 ../SM4_V1_bsp/\libhal_bsp.a(alt_dev.o)
 .bss           0x0000b090        0x0 ../SM4_V1_bsp/\libhal_bsp.a(alt_dev_llist_insert.o)
 .bss           0x0000b090        0x0 ../SM4_V1_bsp/\libhal_bsp.a(alt_do_ctors.o)
 .bss           0x0000b090        0x0 ../SM4_V1_bsp/\libhal_bsp.a(alt_do_dtors.o)
 .bss           0x0000b090        0x0 ../SM4_V1_bsp/\libhal_bsp.a(alt_errno.o)
 .bss           0x0000b090        0x0 ../SM4_V1_bsp/\libhal_bsp.a(alt_icache_flush_all.o)
 .bss           0x0000b090        0x0 ../SM4_V1_bsp/\libhal_bsp.a(alt_io_redirect.o)
 .bss           0x0000b090        0x0 ../SM4_V1_bsp/\libhal_bsp.a(alt_open.o)
 .bss           0x0000b090        0x0 ../SM4_V1_bsp/\libhal_bsp.a(alt_release_fd.o)
 .bss           0x0000b090        0x0 ../SM4_V1_bsp/\libhal_bsp.a(altera_nios2_qsys_irq.o)
 .bss           0x0000b090        0x0 ../SM4_V1_bsp/\libhal_bsp.a(alt_find_dev.o)
 .bss           0x0000b090        0x0 ../SM4_V1_bsp/\libhal_bsp.a(alt_find_file.o)
 .bss           0x0000b090        0x0 ../SM4_V1_bsp/\libhal_bsp.a(alt_get_fd.o)
 .bss           0x0000b090        0x0 c:/altera/13.0sp1/nios2eds/bin/gnu/h-i686-mingw32/bin/../lib/gcc/nios2-elf/4.1.2/../../../../nios2-elf/lib/mno-hw-mul\libsmallc.a(lib_a-atexit.o)
 .bss           0x0000b090        0x0 c:/altera/13.0sp1/nios2eds/bin/gnu/h-i686-mingw32/bin/../lib/gcc/nios2-elf/4.1.2/../../../../nios2-elf/lib/mno-hw-mul\libsmallc.a(lib_a-exit.o)
 .bss           0x0000b090        0x0 c:/altera/13.0sp1/nios2eds/bin/gnu/h-i686-mingw32/bin/../lib/gcc/nios2-elf/4.1.2/../../../../nios2-elf/lib/mno-hw-mul\libsmallc.a(lib_a-memcmp.o)
 .bss           0x0000b090        0x0 c:/altera/13.0sp1/nios2eds/bin/gnu/h-i686-mingw32/bin/../lib/gcc/nios2-elf/4.1.2/../../../../nios2-elf/lib/mno-hw-mul\libsmallc.a(lib_a-__atexit.o)
 .bss           0x0000b090        0x0 c:/altera/13.0sp1/nios2eds/bin/gnu/h-i686-mingw32/bin/../lib/gcc/nios2-elf/4.1.2/../../../../nios2-elf/lib/mno-hw-mul\libsmallc.a(lib_a-__call_atexit.o)
 .bss           0x0000b090        0x0 ../SM4_V1_bsp/\libhal_bsp.a(alt_exit.o)
 *(COMMON)
 COMMON         0x0000b090       0x8c c:/altera/13.0sp1/nios2eds/bin/gnu/h-i686-mingw32/bin/../lib/gcc/nios2-elf/4.1.2/../../../../nios2-elf/lib/mno-hw-mul\libsmallc.a(lib_a-atexit.o)
                0x0000b090                _atexit0
                0x0000b11c                . = ALIGN (0x4)
                0x0000b11c                __bss_end = ABSOLUTE (.)

.onchip_memory2_0
                0x0000b11c        0x0
                0x0000b11c                PROVIDE (_alt_partition_onchip_memory2_0_start, ABSOLUTE (.))
 *(.onchip_memory2_0. onchip_memory2_0.*)
                0x0000b11c                . = ALIGN (0x4)
                0x0000b11c                PROVIDE (_alt_partition_onchip_memory2_0_end, ABSOLUTE (.))
                0x0000b11c                _end = ABSOLUTE (.)
                0x0000b11c                end = ABSOLUTE (.)
                0x0000b11c                __alt_stack_base = ABSOLUTE (.)
                0x0000b11c                PROVIDE (_alt_partition_onchip_memory2_0_load_addr, LOADADDR (.onchip_memory2_0))

.stab
 *(.stab)

.stabstr
 *(.stabstr)

.stab.excl
 *(.stab.excl)

.stab.exclstr
 *(.stab.exclstr)

.stab.index
 *(.stab.index)

.stab.indexstr
 *(.stab.indexstr)

.comment        0x00000000       0x26
 *(.comment)
 .comment       0x00000000       0x26 obj/default/source.o
                                 0x27 (size before relaxing)
 .comment       0x00000000       0x27 c:/altera/13.0sp1/nios2eds/bin/gnu/h-i686-mingw32/bin/../lib/gcc/nios2-elf/4.1.2/mno-hw-mul\libgcc.a(lib2-mul.o)
 .comment       0x00000000       0x27 c:/altera/13.0sp1/nios2eds/bin/gnu/h-i686-mingw32/bin/../lib/gcc/nios2-elf/4.1.2/../../../../nios2-elf/lib/mno-hw-mul\libsmallc.a(lib_a-printf.o)
 .comment       0x00000000       0x27 c:/altera/13.0sp1/nios2eds/bin/gnu/h-i686-mingw32/bin/../lib/gcc/nios2-elf/4.1.2/../../../../nios2-elf/lib/mno-hw-mul\libsmallc.a(lib_a-putchar.o)
 .comment       0x00000000       0x27 c:/altera/13.0sp1/nios2eds/bin/gnu/h-i686-mingw32/bin/../lib/gcc/nios2-elf/4.1.2/../../../../nios2-elf/lib/mno-hw-mul\libsmallc.a(lib_a-puts.o)
 .comment       0x00000000       0x27 c:/altera/13.0sp1/nios2eds/bin/gnu/h-i686-mingw32/bin/../lib/gcc/nios2-elf/4.1.2/../../../../nios2-elf/lib/mno-hw-mul\libsmallc.a(lib_a-strlen.o)
 .comment       0x00000000       0x27 c:/altera/13.0sp1/nios2eds/bin/gnu/h-i686-mingw32/bin/../lib/gcc/nios2-elf/4.1.2/../../../../nios2-elf/lib/mno-hw-mul\libsmallc.a(lib_a-vfprintf.o)
 .comment       0x00000000       0x27 c:/altera/13.0sp1/nios2eds/bin/gnu/h-i686-mingw32/bin/../lib/gcc/nios2-elf/4.1.2/../../../../nios2-elf/lib/mno-hw-mul\libsmallc.a(lib_a-fvwrite_small_dev.o)
 .comment       0x00000000       0x27 c:/altera/13.0sp1/nios2eds/bin/gnu/h-i686-mingw32/bin/../lib/gcc/nios2-elf/4.1.2/../../../../nios2-elf/lib/mno-hw-mul\libsmallc.a(lib_a-impure.o)
 .comment       0x00000000       0x27 c:/altera/13.0sp1/nios2eds/bin/gnu/h-i686-mingw32/bin/../lib/gcc/nios2-elf/4.1.2/../../../../nios2-elf/lib/mno-hw-mul\libsmallc.a(lib_a-putc.o)
 .comment       0x00000000       0x27 c:/altera/13.0sp1/nios2eds/bin/gnu/h-i686-mingw32/bin/../lib/gcc/nios2-elf/4.1.2/../../../../nios2-elf/lib/mno-hw-mul\libsmallc.a(lib_a-writer.o)
 .comment       0x00000000       0x27 c:/altera/13.0sp1/nios2eds/bin/gnu/h-i686-mingw32/bin/../lib/gcc/nios2-elf/4.1.2/../../../../nios2-elf/lib/mno-hw-mul\libsmallc.a(lib_a-int_errno.o)
 .comment       0x00000000       0x27 c:/altera/13.0sp1/nios2eds/bin/gnu/h-i686-mingw32/bin/../lib/gcc/nios2-elf/4.1.2/mno-hw-mul\libgcc.a(lib2-divmod.o)
 .comment       0x00000000       0x27 ../SM4_V1_bsp/\libhal_bsp.a(alt_load.o)
 .comment       0x00000000       0x27 ../SM4_V1_bsp/\libhal_bsp.a(alt_main.o)
 .comment       0x00000000       0x27 ../SM4_V1_bsp/\libhal_bsp.a(alt_write.o)
 .comment       0x00000000       0x27 ../SM4_V1_bsp/\libhal_bsp.a(alt_sys_init.o)
 .comment       0x00000000       0x27 ../SM4_V1_bsp/\libhal_bsp.a(altera_avalon_jtag_uart_fd.o)
 .comment       0x00000000       0x27 ../SM4_V1_bsp/\libhal_bsp.a(altera_avalon_jtag_uart_read.o)
 .comment       0x00000000       0x27 ../SM4_V1_bsp/\libhal_bsp.a(altera_avalon_jtag_uart_write.o)
 .comment       0x00000000       0x27 ../SM4_V1_bsp/\libhal_bsp.a(alt_close.o)
 .comment       0x00000000       0x27 ../SM4_V1_bsp/\libhal_bsp.a(alt_dcache_flush_all.o)
 .comment       0x00000000       0x27 ../SM4_V1_bsp/\libhal_bsp.a(alt_dev.o)
 .comment       0x00000000       0x27 ../SM4_V1_bsp/\libhal_bsp.a(alt_dev_llist_insert.o)
 .comment       0x00000000       0x27 ../SM4_V1_bsp/\libhal_bsp.a(alt_do_ctors.o)
 .comment       0x00000000       0x27 ../SM4_V1_bsp/\libhal_bsp.a(alt_do_dtors.o)
 .comment       0x00000000       0x27 ../SM4_V1_bsp/\libhal_bsp.a(alt_errno.o)
 .comment       0x00000000       0x27 ../SM4_V1_bsp/\libhal_bsp.a(alt_icache_flush_all.o)
 .comment       0x00000000       0x27 ../SM4_V1_bsp/\libhal_bsp.a(alt_io_redirect.o)
 .comment       0x00000000       0x27 ../SM4_V1_bsp/\libhal_bsp.a(alt_open.o)
 .comment       0x00000000       0x27 ../SM4_V1_bsp/\libhal_bsp.a(alt_release_fd.o)
 .comment       0x00000000       0x27 ../SM4_V1_bsp/\libhal_bsp.a(altera_nios2_qsys_irq.o)
 .comment       0x00000000       0x27 ../SM4_V1_bsp/\libhal_bsp.a(alt_find_dev.o)
 .comment       0x00000000       0x27 ../SM4_V1_bsp/\libhal_bsp.a(alt_find_file.o)
 .comment       0x00000000       0x27 ../SM4_V1_bsp/\libhal_bsp.a(alt_get_fd.o)
 .comment       0x00000000       0x27 c:/altera/13.0sp1/nios2eds/bin/gnu/h-i686-mingw32/bin/../lib/gcc/nios2-elf/4.1.2/../../../../nios2-elf/lib/mno-hw-mul\libsmallc.a(lib_a-atexit.o)
 .comment       0x00000000       0x27 c:/altera/13.0sp1/nios2eds/bin/gnu/h-i686-mingw32/bin/../lib/gcc/nios2-elf/4.1.2/../../../../nios2-elf/lib/mno-hw-mul\libsmallc.a(lib_a-exit.o)
 .comment       0x00000000       0x27 c:/altera/13.0sp1/nios2eds/bin/gnu/h-i686-mingw32/bin/../lib/gcc/nios2-elf/4.1.2/../../../../nios2-elf/lib/mno-hw-mul\libsmallc.a(lib_a-memcmp.o)
 .comment       0x00000000       0x27 c:/altera/13.0sp1/nios2eds/bin/gnu/h-i686-mingw32/bin/../lib/gcc/nios2-elf/4.1.2/../../../../nios2-elf/lib/mno-hw-mul\libsmallc.a(lib_a-__atexit.o)
 .comment       0x00000000       0x27 c:/altera/13.0sp1/nios2eds/bin/gnu/h-i686-mingw32/bin/../lib/gcc/nios2-elf/4.1.2/../../../../nios2-elf/lib/mno-hw-mul\libsmallc.a(lib_a-__call_atexit.o)
 .comment       0x00000000       0x27 ../SM4_V1_bsp/\libhal_bsp.a(alt_exit.o)

.debug
 *(.debug)

.line
 *(.line)

.debug_srcinfo
 *(.debug_srcinfo)

.debug_sfnames
 *(.debug_sfnames)

.debug_aranges  0x00000000      0x4e8
 *(.debug_aranges)
 .debug_aranges
                0x00000000       0x28 ../SM4_V1_bsp//obj/HAL/src/crt0.o
 .debug_aranges
                0x00000028       0x20 obj/default/source.o
 .debug_aranges
                0x00000048       0x20 c:/altera/13.0sp1/nios2eds/bin/gnu/h-i686-mingw32/bin/../lib/gcc/nios2-elf/4.1.2/mno-hw-mul\libgcc.a(lib2-mul.o)
 .debug_aranges
                0x00000068       0x20 c:/altera/13.0sp1/nios2eds/bin/gnu/h-i686-mingw32/bin/../lib/gcc/nios2-elf/4.1.2/../../../../nios2-elf/lib/mno-hw-mul\libsmallc.a(lib_a-printf.o)
 .debug_aranges
                0x00000088       0x20 c:/altera/13.0sp1/nios2eds/bin/gnu/h-i686-mingw32/bin/../lib/gcc/nios2-elf/4.1.2/../../../../nios2-elf/lib/mno-hw-mul\libsmallc.a(lib_a-putchar.o)
 .debug_aranges
                0x000000a8       0x20 c:/altera/13.0sp1/nios2eds/bin/gnu/h-i686-mingw32/bin/../lib/gcc/nios2-elf/4.1.2/../../../../nios2-elf/lib/mno-hw-mul\libsmallc.a(lib_a-puts.o)
 .debug_aranges
                0x000000c8       0x20 c:/altera/13.0sp1/nios2eds/bin/gnu/h-i686-mingw32/bin/../lib/gcc/nios2-elf/4.1.2/../../../../nios2-elf/lib/mno-hw-mul\libsmallc.a(lib_a-strlen.o)
 .debug_aranges
                0x000000e8       0x20 c:/altera/13.0sp1/nios2eds/bin/gnu/h-i686-mingw32/bin/../lib/gcc/nios2-elf/4.1.2/../../../../nios2-elf/lib/mno-hw-mul\libsmallc.a(lib_a-vfprintf.o)
 .debug_aranges
                0x00000108       0x20 c:/altera/13.0sp1/nios2eds/bin/gnu/h-i686-mingw32/bin/../lib/gcc/nios2-elf/4.1.2/../../../../nios2-elf/lib/mno-hw-mul\libsmallc.a(lib_a-fvwrite_small_dev.o)
 .debug_aranges
                0x00000128       0x20 c:/altera/13.0sp1/nios2eds/bin/gnu/h-i686-mingw32/bin/../lib/gcc/nios2-elf/4.1.2/../../../../nios2-elf/lib/mno-hw-mul\libsmallc.a(lib_a-putc.o)
 .debug_aranges
                0x00000148       0x20 c:/altera/13.0sp1/nios2eds/bin/gnu/h-i686-mingw32/bin/../lib/gcc/nios2-elf/4.1.2/../../../../nios2-elf/lib/mno-hw-mul\libsmallc.a(lib_a-writer.o)
 .debug_aranges
                0x00000168       0x20 c:/altera/13.0sp1/nios2eds/bin/gnu/h-i686-mingw32/bin/../lib/gcc/nios2-elf/4.1.2/mno-hw-mul\libgcc.a(lib2-divmod.o)
 .debug_aranges
                0x00000188       0x20 ../SM4_V1_bsp/\libhal_bsp.a(alt_load.o)
 .debug_aranges
                0x000001a8       0x20 ../SM4_V1_bsp/\libhal_bsp.a(alt_main.o)
 .debug_aranges
                0x000001c8       0x20 ../SM4_V1_bsp/\libhal_bsp.a(alt_write.o)
 .debug_aranges
                0x000001e8       0x20 ../SM4_V1_bsp/\libhal_bsp.a(alt_sys_init.o)
 .debug_aranges
                0x00000208       0x20 ../SM4_V1_bsp/\libhal_bsp.a(altera_avalon_jtag_uart_fd.o)
 .debug_aranges
                0x00000228       0x20 ../SM4_V1_bsp/\libhal_bsp.a(altera_avalon_jtag_uart_read.o)
 .debug_aranges
                0x00000248       0x20 ../SM4_V1_bsp/\libhal_bsp.a(altera_avalon_jtag_uart_write.o)
 .debug_aranges
                0x00000268       0x20 ../SM4_V1_bsp/\libhal_bsp.a(alt_close.o)
 .debug_aranges
                0x00000288       0x20 ../SM4_V1_bsp/\libhal_bsp.a(alt_dcache_flush_all.o)
 .debug_aranges
                0x000002a8       0x20 ../SM4_V1_bsp/\libhal_bsp.a(alt_dev.o)
 .debug_aranges
                0x000002c8       0x20 ../SM4_V1_bsp/\libhal_bsp.a(alt_dev_llist_insert.o)
 .debug_aranges
                0x000002e8       0x20 ../SM4_V1_bsp/\libhal_bsp.a(alt_do_ctors.o)
 .debug_aranges
                0x00000308       0x20 ../SM4_V1_bsp/\libhal_bsp.a(alt_do_dtors.o)
 .debug_aranges
                0x00000328       0x20 ../SM4_V1_bsp/\libhal_bsp.a(alt_icache_flush_all.o)
 .debug_aranges
                0x00000348       0x20 ../SM4_V1_bsp/\libhal_bsp.a(alt_io_redirect.o)
 .debug_aranges
                0x00000368       0x20 ../SM4_V1_bsp/\libhal_bsp.a(alt_open.o)
 .debug_aranges
                0x00000388       0x20 ../SM4_V1_bsp/\libhal_bsp.a(alt_release_fd.o)
 .debug_aranges
                0x000003a8       0x20 ../SM4_V1_bsp/\libhal_bsp.a(altera_nios2_qsys_irq.o)
 .debug_aranges
                0x000003c8       0x20 ../SM4_V1_bsp/\libhal_bsp.a(alt_find_dev.o)
 .debug_aranges
                0x000003e8       0x20 ../SM4_V1_bsp/\libhal_bsp.a(alt_find_file.o)
 .debug_aranges
                0x00000408       0x20 ../SM4_V1_bsp/\libhal_bsp.a(alt_get_fd.o)
 .debug_aranges
                0x00000428       0x20 c:/altera/13.0sp1/nios2eds/bin/gnu/h-i686-mingw32/bin/../lib/gcc/nios2-elf/4.1.2/../../../../nios2-elf/lib/mno-hw-mul\libsmallc.a(lib_a-atexit.o)
 .debug_aranges
                0x00000448       0x20 c:/altera/13.0sp1/nios2eds/bin/gnu/h-i686-mingw32/bin/../lib/gcc/nios2-elf/4.1.2/../../../../nios2-elf/lib/mno-hw-mul\libsmallc.a(lib_a-exit.o)
 .debug_aranges
                0x00000468       0x20 c:/altera/13.0sp1/nios2eds/bin/gnu/h-i686-mingw32/bin/../lib/gcc/nios2-elf/4.1.2/../../../../nios2-elf/lib/mno-hw-mul\libsmallc.a(lib_a-memcmp.o)
 .debug_aranges
                0x00000488       0x20 c:/altera/13.0sp1/nios2eds/bin/gnu/h-i686-mingw32/bin/../lib/gcc/nios2-elf/4.1.2/../../../../nios2-elf/lib/mno-hw-mul\libsmallc.a(lib_a-__atexit.o)
 .debug_aranges
                0x000004a8       0x20 c:/altera/13.0sp1/nios2eds/bin/gnu/h-i686-mingw32/bin/../lib/gcc/nios2-elf/4.1.2/../../../../nios2-elf/lib/mno-hw-mul\libsmallc.a(lib_a-__call_atexit.o)
 .debug_aranges
                0x000004c8       0x20 ../SM4_V1_bsp/\libhal_bsp.a(alt_exit.o)

.debug_pubnames
                0x00000000      0x6ce
 *(.debug_pubnames)
 .debug_pubnames
                0x00000000       0x1b obj/default/source.o
 .debug_pubnames
                0x0000001b       0x1f c:/altera/13.0sp1/nios2eds/bin/gnu/h-i686-mingw32/bin/../lib/gcc/nios2-elf/4.1.2/mno-hw-mul\libgcc.a(lib2-mul.o)
 .debug_pubnames
                0x0000003a       0x2b c:/altera/13.0sp1/nios2eds/bin/gnu/h-i686-mingw32/bin/../lib/gcc/nios2-elf/4.1.2/../../../../nios2-elf/lib/mno-hw-mul\libsmallc.a(lib_a-printf.o)
 .debug_pubnames
                0x00000065       0x2d c:/altera/13.0sp1/nios2eds/bin/gnu/h-i686-mingw32/bin/../lib/gcc/nios2-elf/4.1.2/../../../../nios2-elf/lib/mno-hw-mul\libsmallc.a(lib_a-putchar.o)
 .debug_pubnames
                0x00000092       0x27 c:/altera/13.0sp1/nios2eds/bin/gnu/h-i686-mingw32/bin/../lib/gcc/nios2-elf/4.1.2/../../../../nios2-elf/lib/mno-hw-mul\libsmallc.a(lib_a-puts.o)
 .debug_pubnames
                0x000000b9       0x1d c:/altera/13.0sp1/nios2eds/bin/gnu/h-i686-mingw32/bin/../lib/gcc/nios2-elf/4.1.2/../../../../nios2-elf/lib/mno-hw-mul\libsmallc.a(lib_a-strlen.o)
 .debug_pubnames
                0x000000d6       0x45 c:/altera/13.0sp1/nios2eds/bin/gnu/h-i686-mingw32/bin/../lib/gcc/nios2-elf/4.1.2/../../../../nios2-elf/lib/mno-hw-mul\libsmallc.a(lib_a-vfprintf.o)
 .debug_pubnames
                0x0000011b       0x2b c:/altera/13.0sp1/nios2eds/bin/gnu/h-i686-mingw32/bin/../lib/gcc/nios2-elf/4.1.2/../../../../nios2-elf/lib/mno-hw-mul\libsmallc.a(lib_a-fvwrite_small_dev.o)
 .debug_pubnames
                0x00000146       0x39 c:/altera/13.0sp1/nios2eds/bin/gnu/h-i686-mingw32/bin/../lib/gcc/nios2-elf/4.1.2/../../../../nios2-elf/lib/mno-hw-mul\libsmallc.a(lib_a-impure.o)
 .debug_pubnames
                0x0000017f       0x27 c:/altera/13.0sp1/nios2eds/bin/gnu/h-i686-mingw32/bin/../lib/gcc/nios2-elf/4.1.2/../../../../nios2-elf/lib/mno-hw-mul\libsmallc.a(lib_a-putc.o)
 .debug_pubnames
                0x000001a6       0x1f c:/altera/13.0sp1/nios2eds/bin/gnu/h-i686-mingw32/bin/../lib/gcc/nios2-elf/4.1.2/../../../../nios2-elf/lib/mno-hw-mul\libsmallc.a(lib_a-writer.o)
 .debug_pubnames
                0x000001c5       0x1c c:/altera/13.0sp1/nios2eds/bin/gnu/h-i686-mingw32/bin/../lib/gcc/nios2-elf/4.1.2/../../../../nios2-elf/lib/mno-hw-mul\libsmallc.a(lib_a-int_errno.o)
 .debug_pubnames
                0x000001e1       0x48 c:/altera/13.0sp1/nios2eds/bin/gnu/h-i686-mingw32/bin/../lib/gcc/nios2-elf/4.1.2/mno-hw-mul\libgcc.a(lib2-divmod.o)
 .debug_pubnames
                0x00000229       0x1f ../SM4_V1_bsp/\libhal_bsp.a(alt_load.o)
 .debug_pubnames
                0x00000248       0x46 ../SM4_V1_bsp/\libhal_bsp.a(alt_main.o)
 .debug_pubnames
                0x0000028e       0x1c ../SM4_V1_bsp/\libhal_bsp.a(alt_write.o)
 .debug_pubnames
                0x000002aa       0x34 ../SM4_V1_bsp/\libhal_bsp.a(alt_sys_init.o)
 .debug_pubnames
                0x000002de       0x5b ../SM4_V1_bsp/\libhal_bsp.a(altera_avalon_jtag_uart_fd.o)
 .debug_pubnames
                0x00000339       0x33 ../SM4_V1_bsp/\libhal_bsp.a(altera_avalon_jtag_uart_read.o)
 .debug_pubnames
                0x0000036c       0x34 ../SM4_V1_bsp/\libhal_bsp.a(altera_avalon_jtag_uart_write.o)
 .debug_pubnames
                0x000003a0       0x1c ../SM4_V1_bsp/\libhal_bsp.a(alt_close.o)
 .debug_pubnames
                0x000003bc       0x2b ../SM4_V1_bsp/\libhal_bsp.a(alt_dcache_flush_all.o)
 .debug_pubnames
                0x000003e7       0x63 ../SM4_V1_bsp/\libhal_bsp.a(alt_dev.o)
 .debug_pubnames
                0x0000044a       0x2b ../SM4_V1_bsp/\libhal_bsp.a(alt_dev_llist_insert.o)
 .debug_pubnames
                0x00000475       0x20 ../SM4_V1_bsp/\libhal_bsp.a(alt_do_ctors.o)
 .debug_pubnames
                0x00000495       0x20 ../SM4_V1_bsp/\libhal_bsp.a(alt_do_dtors.o)
 .debug_pubnames
                0x000004b5       0x20 ../SM4_V1_bsp/\libhal_bsp.a(alt_errno.o)
 .debug_pubnames
                0x000004d5       0x2b ../SM4_V1_bsp/\libhal_bsp.a(alt_icache_flush_all.o)
 .debug_pubnames
                0x00000500       0x26 ../SM4_V1_bsp/\libhal_bsp.a(alt_io_redirect.o)
 .debug_pubnames
                0x00000526       0x1b ../SM4_V1_bsp/\libhal_bsp.a(alt_open.o)
 .debug_pubnames
                0x00000541       0x25 ../SM4_V1_bsp/\libhal_bsp.a(alt_release_fd.o)
 .debug_pubnames
                0x00000566       0x31 ../SM4_V1_bsp/\libhal_bsp.a(altera_nios2_qsys_irq.o)
 .debug_pubnames
                0x00000597       0x23 ../SM4_V1_bsp/\libhal_bsp.a(alt_find_dev.o)
 .debug_pubnames
                0x000005ba       0x24 ../SM4_V1_bsp/\libhal_bsp.a(alt_find_file.o)
 .debug_pubnames
                0x000005de       0x21 ../SM4_V1_bsp/\libhal_bsp.a(alt_get_fd.o)
 .debug_pubnames
                0x000005ff       0x2a c:/altera/13.0sp1/nios2eds/bin/gnu/h-i686-mingw32/bin/../lib/gcc/nios2-elf/4.1.2/../../../../nios2-elf/lib/mno-hw-mul\libsmallc.a(lib_a-atexit.o)
 .debug_pubnames
                0x00000629       0x1b c:/altera/13.0sp1/nios2eds/bin/gnu/h-i686-mingw32/bin/../lib/gcc/nios2-elf/4.1.2/../../../../nios2-elf/lib/mno-hw-mul\libsmallc.a(lib_a-exit.o)
 .debug_pubnames
                0x00000644       0x1d c:/altera/13.0sp1/nios2eds/bin/gnu/h-i686-mingw32/bin/../lib/gcc/nios2-elf/4.1.2/../../../../nios2-elf/lib/mno-hw-mul\libsmallc.a(lib_a-memcmp.o)
 .debug_pubnames
                0x00000661       0x2a c:/altera/13.0sp1/nios2eds/bin/gnu/h-i686-mingw32/bin/../lib/gcc/nios2-elf/4.1.2/../../../../nios2-elf/lib/mno-hw-mul\libsmallc.a(lib_a-__atexit.o)
 .debug_pubnames
                0x0000068b       0x27 c:/altera/13.0sp1/nios2eds/bin/gnu/h-i686-mingw32/bin/../lib/gcc/nios2-elf/4.1.2/../../../../nios2-elf/lib/mno-hw-mul\libsmallc.a(lib_a-__call_atexit.o)
 .debug_pubnames
                0x000006b2       0x1c ../SM4_V1_bsp/\libhal_bsp.a(alt_exit.o)

.debug_info     0x00000000     0x9be6
 *(.debug_info .gnu.linkonce.wi.*)
 .debug_info    0x00000000       0x63 ../SM4_V1_bsp//obj/HAL/src/crt0.o
 .debug_info    0x00000063      0x1f1 obj/default/source.o
 .debug_info    0x00000254       0xf3 c:/altera/13.0sp1/nios2eds/bin/gnu/h-i686-mingw32/bin/../lib/gcc/nios2-elf/4.1.2/mno-hw-mul\libgcc.a(lib2-mul.o)
 .debug_info    0x00000347      0x6c8 c:/altera/13.0sp1/nios2eds/bin/gnu/h-i686-mingw32/bin/../lib/gcc/nios2-elf/4.1.2/../../../../nios2-elf/lib/mno-hw-mul\libsmallc.a(lib_a-printf.o)
 .debug_info    0x00000a0f      0x66b c:/altera/13.0sp1/nios2eds/bin/gnu/h-i686-mingw32/bin/../lib/gcc/nios2-elf/4.1.2/../../../../nios2-elf/lib/mno-hw-mul\libsmallc.a(lib_a-putchar.o)
 .debug_info    0x0000107a      0x685 c:/altera/13.0sp1/nios2eds/bin/gnu/h-i686-mingw32/bin/../lib/gcc/nios2-elf/4.1.2/../../../../nios2-elf/lib/mno-hw-mul\libsmallc.a(lib_a-puts.o)
 .debug_info    0x000016ff       0xc2 c:/altera/13.0sp1/nios2eds/bin/gnu/h-i686-mingw32/bin/../lib/gcc/nios2-elf/4.1.2/../../../../nios2-elf/lib/mno-hw-mul\libsmallc.a(lib_a-strlen.o)
 .debug_info    0x000017c1      0x9b6 c:/altera/13.0sp1/nios2eds/bin/gnu/h-i686-mingw32/bin/../lib/gcc/nios2-elf/4.1.2/../../../../nios2-elf/lib/mno-hw-mul\libsmallc.a(lib_a-vfprintf.o)
 .debug_info    0x00002177      0x68e c:/altera/13.0sp1/nios2eds/bin/gnu/h-i686-mingw32/bin/../lib/gcc/nios2-elf/4.1.2/../../../../nios2-elf/lib/mno-hw-mul\libsmallc.a(lib_a-fvwrite_small_dev.o)
 .debug_info    0x00002805      0x636 c:/altera/13.0sp1/nios2eds/bin/gnu/h-i686-mingw32/bin/../lib/gcc/nios2-elf/4.1.2/../../../../nios2-elf/lib/mno-hw-mul\libsmallc.a(lib_a-impure.o)
 .debug_info    0x00002e3b      0x6b8 c:/altera/13.0sp1/nios2eds/bin/gnu/h-i686-mingw32/bin/../lib/gcc/nios2-elf/4.1.2/../../../../nios2-elf/lib/mno-hw-mul\libsmallc.a(lib_a-putc.o)
 .debug_info    0x000034f3      0x68c c:/altera/13.0sp1/nios2eds/bin/gnu/h-i686-mingw32/bin/../lib/gcc/nios2-elf/4.1.2/../../../../nios2-elf/lib/mno-hw-mul\libsmallc.a(lib_a-writer.o)
 .debug_info    0x00003b7f       0x8c c:/altera/13.0sp1/nios2eds/bin/gnu/h-i686-mingw32/bin/../lib/gcc/nios2-elf/4.1.2/../../../../nios2-elf/lib/mno-hw-mul\libsmallc.a(lib_a-int_errno.o)
 .debug_info    0x00003c0b      0x21c c:/altera/13.0sp1/nios2eds/bin/gnu/h-i686-mingw32/bin/../lib/gcc/nios2-elf/4.1.2/mno-hw-mul\libgcc.a(lib2-divmod.o)
 .debug_info    0x00003e27      0x275 ../SM4_V1_bsp/\libhal_bsp.a(alt_load.o)
 .debug_info    0x0000409c      0x20d ../SM4_V1_bsp/\libhal_bsp.a(alt_main.o)
 .debug_info    0x000042a9      0x67b ../SM4_V1_bsp/\libhal_bsp.a(alt_write.o)
 .debug_info    0x00004924      0x561 ../SM4_V1_bsp/\libhal_bsp.a(alt_sys_init.o)
 .debug_info    0x00004e85      0x5a1 ../SM4_V1_bsp/\libhal_bsp.a(altera_avalon_jtag_uart_fd.o)
 .debug_info    0x00005426      0x2f1 ../SM4_V1_bsp/\libhal_bsp.a(altera_avalon_jtag_uart_read.o)
 .debug_info    0x00005717      0x2ce ../SM4_V1_bsp/\libhal_bsp.a(altera_avalon_jtag_uart_write.o)
 .debug_info    0x000059e5      0x44f ../SM4_V1_bsp/\libhal_bsp.a(alt_close.o)
 .debug_info    0x00005e34      0x144 ../SM4_V1_bsp/\libhal_bsp.a(alt_dcache_flush_all.o)
 .debug_info    0x00005f78      0x667 ../SM4_V1_bsp/\libhal_bsp.a(alt_dev.o)
 .debug_info    0x000065df      0x29f ../SM4_V1_bsp/\libhal_bsp.a(alt_dev_llist_insert.o)
 .debug_info    0x0000687e       0xf7 ../SM4_V1_bsp/\libhal_bsp.a(alt_do_ctors.o)
 .debug_info    0x00006975       0xf6 ../SM4_V1_bsp/\libhal_bsp.a(alt_do_dtors.o)
 .debug_info    0x00006a6b      0x14c ../SM4_V1_bsp/\libhal_bsp.a(alt_errno.o)
 .debug_info    0x00006bb7      0x144 ../SM4_V1_bsp/\libhal_bsp.a(alt_icache_flush_all.o)
 .debug_info    0x00006cfb      0x67d ../SM4_V1_bsp/\libhal_bsp.a(alt_io_redirect.o)
 .debug_info    0x00007378      0x50d ../SM4_V1_bsp/\libhal_bsp.a(alt_open.o)
 .debug_info    0x00007885      0x3da ../SM4_V1_bsp/\libhal_bsp.a(alt_release_fd.o)
 .debug_info    0x00007c5f      0x14b ../SM4_V1_bsp/\libhal_bsp.a(altera_nios2_qsys_irq.o)
 .debug_info    0x00007daa      0x400 ../SM4_V1_bsp/\libhal_bsp.a(alt_find_dev.o)
 .debug_info    0x000081aa      0x407 ../SM4_V1_bsp/\libhal_bsp.a(alt_find_file.o)
 .debug_info    0x000085b1      0x448 ../SM4_V1_bsp/\libhal_bsp.a(alt_get_fd.o)
 .debug_info    0x000089f9      0x186 c:/altera/13.0sp1/nios2eds/bin/gnu/h-i686-mingw32/bin/../lib/gcc/nios2-elf/4.1.2/../../../../nios2-elf/lib/mno-hw-mul\libsmallc.a(lib_a-atexit.o)
 .debug_info    0x00008b7f       0x9f c:/altera/13.0sp1/nios2eds/bin/gnu/h-i686-mingw32/bin/../lib/gcc/nios2-elf/4.1.2/../../../../nios2-elf/lib/mno-hw-mul\libsmallc.a(lib_a-exit.o)
 .debug_info    0x00008c1e       0xef c:/altera/13.0sp1/nios2eds/bin/gnu/h-i686-mingw32/bin/../lib/gcc/nios2-elf/4.1.2/../../../../nios2-elf/lib/mno-hw-mul\libsmallc.a(lib_a-memcmp.o)
 .debug_info    0x00008d0d      0x68f c:/altera/13.0sp1/nios2eds/bin/gnu/h-i686-mingw32/bin/../lib/gcc/nios2-elf/4.1.2/../../../../nios2-elf/lib/mno-hw-mul\libsmallc.a(lib_a-__atexit.o)
 .debug_info    0x0000939c      0x6d5 c:/altera/13.0sp1/nios2eds/bin/gnu/h-i686-mingw32/bin/../lib/gcc/nios2-elf/4.1.2/../../../../nios2-elf/lib/mno-hw-mul\libsmallc.a(lib_a-__call_atexit.o)
 .debug_info    0x00009a71      0x175 ../SM4_V1_bsp/\libhal_bsp.a(alt_exit.o)

.debug_abbrev   0x00000000     0x23e7
 *(.debug_abbrev)
 .debug_abbrev  0x00000000       0x12 ../SM4_V1_bsp//obj/HAL/src/crt0.o
 .debug_abbrev  0x00000012       0x78 obj/default/source.o
 .debug_abbrev  0x0000008a       0x7b c:/altera/13.0sp1/nios2eds/bin/gnu/h-i686-mingw32/bin/../lib/gcc/nios2-elf/4.1.2/mno-hw-mul\libgcc.a(lib2-mul.o)
 .debug_abbrev  0x00000105      0x179 c:/altera/13.0sp1/nios2eds/bin/gnu/h-i686-mingw32/bin/../lib/gcc/nios2-elf/4.1.2/../../../../nios2-elf/lib/mno-hw-mul\libsmallc.a(lib_a-printf.o)
 .debug_abbrev  0x0000027e      0x158 c:/altera/13.0sp1/nios2eds/bin/gnu/h-i686-mingw32/bin/../lib/gcc/nios2-elf/4.1.2/../../../../nios2-elf/lib/mno-hw-mul\libsmallc.a(lib_a-putchar.o)
 .debug_abbrev  0x000003d6      0x180 c:/altera/13.0sp1/nios2eds/bin/gnu/h-i686-mingw32/bin/../lib/gcc/nios2-elf/4.1.2/../../../../nios2-elf/lib/mno-hw-mul\libsmallc.a(lib_a-puts.o)
 .debug_abbrev  0x00000556       0x7a c:/altera/13.0sp1/nios2eds/bin/gnu/h-i686-mingw32/bin/../lib/gcc/nios2-elf/4.1.2/../../../../nios2-elf/lib/mno-hw-mul\libsmallc.a(lib_a-strlen.o)
 .debug_abbrev  0x000005d0      0x263 c:/altera/13.0sp1/nios2eds/bin/gnu/h-i686-mingw32/bin/../lib/gcc/nios2-elf/4.1.2/../../../../nios2-elf/lib/mno-hw-mul\libsmallc.a(lib_a-vfprintf.o)
 .debug_abbrev  0x00000833      0x179 c:/altera/13.0sp1/nios2eds/bin/gnu/h-i686-mingw32/bin/../lib/gcc/nios2-elf/4.1.2/../../../../nios2-elf/lib/mno-hw-mul\libsmallc.a(lib_a-fvwrite_small_dev.o)
 .debug_abbrev  0x000009ac      0x13f c:/altera/13.0sp1/nios2eds/bin/gnu/h-i686-mingw32/bin/../lib/gcc/nios2-elf/4.1.2/../../../../nios2-elf/lib/mno-hw-mul\libsmallc.a(lib_a-impure.o)
 .debug_abbrev  0x00000aeb      0x167 c:/altera/13.0sp1/nios2eds/bin/gnu/h-i686-mingw32/bin/../lib/gcc/nios2-elf/4.1.2/../../../../nios2-elf/lib/mno-hw-mul\libsmallc.a(lib_a-putc.o)
 .debug_abbrev  0x00000c52      0x16c c:/altera/13.0sp1/nios2eds/bin/gnu/h-i686-mingw32/bin/../lib/gcc/nios2-elf/4.1.2/../../../../nios2-elf/lib/mno-hw-mul\libsmallc.a(lib_a-writer.o)
 .debug_abbrev  0x00000dbe       0x3b c:/altera/13.0sp1/nios2eds/bin/gnu/h-i686-mingw32/bin/../lib/gcc/nios2-elf/4.1.2/../../../../nios2-elf/lib/mno-hw-mul\libsmallc.a(lib_a-int_errno.o)
 .debug_abbrev  0x00000df9       0xe0 c:/altera/13.0sp1/nios2eds/bin/gnu/h-i686-mingw32/bin/../lib/gcc/nios2-elf/4.1.2/mno-hw-mul\libgcc.a(lib2-divmod.o)
 .debug_abbrev  0x00000ed9       0x88 ../SM4_V1_bsp/\libhal_bsp.a(alt_load.o)
 .debug_abbrev  0x00000f61       0xb7 ../SM4_V1_bsp/\libhal_bsp.a(alt_main.o)
 .debug_abbrev  0x00001018      0x100 ../SM4_V1_bsp/\libhal_bsp.a(alt_write.o)
 .debug_abbrev  0x00001118      0x121 ../SM4_V1_bsp/\libhal_bsp.a(alt_sys_init.o)
 .debug_abbrev  0x00001239       0xcb ../SM4_V1_bsp/\libhal_bsp.a(altera_avalon_jtag_uart_fd.o)
 .debug_abbrev  0x00001304       0xb6 ../SM4_V1_bsp/\libhal_bsp.a(altera_avalon_jtag_uart_read.o)
 .debug_abbrev  0x000013ba       0xb4 ../SM4_V1_bsp/\libhal_bsp.a(altera_avalon_jtag_uart_write.o)
 .debug_abbrev  0x0000146e       0xfb ../SM4_V1_bsp/\libhal_bsp.a(alt_close.o)
 .debug_abbrev  0x00001569       0x3f ../SM4_V1_bsp/\libhal_bsp.a(alt_dcache_flush_all.o)
 .debug_abbrev  0x000015a8       0xc7 ../SM4_V1_bsp/\libhal_bsp.a(alt_dev.o)
 .debug_abbrev  0x0000166f       0xf6 ../SM4_V1_bsp/\libhal_bsp.a(alt_dev_llist_insert.o)
 .debug_abbrev  0x00001765       0x76 ../SM4_V1_bsp/\libhal_bsp.a(alt_do_ctors.o)
 .debug_abbrev  0x000017db       0x76 ../SM4_V1_bsp/\libhal_bsp.a(alt_do_dtors.o)
 .debug_abbrev  0x00001851       0x5e ../SM4_V1_bsp/\libhal_bsp.a(alt_errno.o)
 .debug_abbrev  0x000018af       0x3f ../SM4_V1_bsp/\libhal_bsp.a(alt_icache_flush_all.o)
 .debug_abbrev  0x000018ee       0xf0 ../SM4_V1_bsp/\libhal_bsp.a(alt_io_redirect.o)
 .debug_abbrev  0x000019de      0x112 ../SM4_V1_bsp/\libhal_bsp.a(alt_open.o)
 .debug_abbrev  0x00001af0       0xc1 ../SM4_V1_bsp/\libhal_bsp.a(alt_release_fd.o)
 .debug_abbrev  0x00001bb1       0x3f ../SM4_V1_bsp/\libhal_bsp.a(altera_nios2_qsys_irq.o)
 .debug_abbrev  0x00001bf0       0xcf ../SM4_V1_bsp/\libhal_bsp.a(alt_find_dev.o)
 .debug_abbrev  0x00001cbf       0xcf ../SM4_V1_bsp/\libhal_bsp.a(alt_find_file.o)
 .debug_abbrev  0x00001d8e       0xfb ../SM4_V1_bsp/\libhal_bsp.a(alt_get_fd.o)
 .debug_abbrev  0x00001e89       0xc6 c:/altera/13.0sp1/nios2eds/bin/gnu/h-i686-mingw32/bin/../lib/gcc/nios2-elf/4.1.2/../../../../nios2-elf/lib/mno-hw-mul\libsmallc.a(lib_a-atexit.o)
 .debug_abbrev  0x00001f4f       0x4e c:/altera/13.0sp1/nios2eds/bin/gnu/h-i686-mingw32/bin/../lib/gcc/nios2-elf/4.1.2/../../../../nios2-elf/lib/mno-hw-mul\libsmallc.a(lib_a-exit.o)
 .debug_abbrev  0x00001f9d       0x7c c:/altera/13.0sp1/nios2eds/bin/gnu/h-i686-mingw32/bin/../lib/gcc/nios2-elf/4.1.2/../../../../nios2-elf/lib/mno-hw-mul\libsmallc.a(lib_a-memcmp.o)
 .debug_abbrev  0x00002019      0x196 c:/altera/13.0sp1/nios2eds/bin/gnu/h-i686-mingw32/bin/../lib/gcc/nios2-elf/4.1.2/../../../../nios2-elf/lib/mno-hw-mul\libsmallc.a(lib_a-__atexit.o)
 .debug_abbrev  0x000021af      0x1c6 c:/altera/13.0sp1/nios2eds/bin/gnu/h-i686-mingw32/bin/../lib/gcc/nios2-elf/4.1.2/../../../../nios2-elf/lib/mno-hw-mul\libsmallc.a(lib_a-__call_atexit.o)
 .debug_abbrev  0x00002375       0x72 ../SM4_V1_bsp/\libhal_bsp.a(alt_exit.o)

.debug_line     0x00000000     0x63d8
 *(.debug_line)
 .debug_line    0x00000000       0x66 ../SM4_V1_bsp//obj/HAL/src/crt0.o
 .debug_line    0x00000066      0x44b obj/default/source.o
 .debug_line    0x000004b1      0x11a c:/altera/13.0sp1/nios2eds/bin/gnu/h-i686-mingw32/bin/../lib/gcc/nios2-elf/4.1.2/mno-hw-mul\libgcc.a(lib2-mul.o)
 .debug_line    0x000005cb      0x2be c:/altera/13.0sp1/nios2eds/bin/gnu/h-i686-mingw32/bin/../lib/gcc/nios2-elf/4.1.2/../../../../nios2-elf/lib/mno-hw-mul\libsmallc.a(lib_a-printf.o)
 .debug_line    0x00000889      0x267 c:/altera/13.0sp1/nios2eds/bin/gnu/h-i686-mingw32/bin/../lib/gcc/nios2-elf/4.1.2/../../../../nios2-elf/lib/mno-hw-mul\libsmallc.a(lib_a-putchar.o)
 .debug_line    0x00000af0      0x2b2 c:/altera/13.0sp1/nios2eds/bin/gnu/h-i686-mingw32/bin/../lib/gcc/nios2-elf/4.1.2/../../../../nios2-elf/lib/mno-hw-mul\libsmallc.a(lib_a-puts.o)
 .debug_line    0x00000da2      0x250 c:/altera/13.0sp1/nios2eds/bin/gnu/h-i686-mingw32/bin/../lib/gcc/nios2-elf/4.1.2/../../../../nios2-elf/lib/mno-hw-mul\libsmallc.a(lib_a-strlen.o)
 .debug_line    0x00000ff2      0x666 c:/altera/13.0sp1/nios2eds/bin/gnu/h-i686-mingw32/bin/../lib/gcc/nios2-elf/4.1.2/../../../../nios2-elf/lib/mno-hw-mul\libsmallc.a(lib_a-vfprintf.o)
 .debug_line    0x00001658      0x2a9 c:/altera/13.0sp1/nios2eds/bin/gnu/h-i686-mingw32/bin/../lib/gcc/nios2-elf/4.1.2/../../../../nios2-elf/lib/mno-hw-mul\libsmallc.a(lib_a-fvwrite_small_dev.o)
 .debug_line    0x00001901      0x230 c:/altera/13.0sp1/nios2eds/bin/gnu/h-i686-mingw32/bin/../lib/gcc/nios2-elf/4.1.2/../../../../nios2-elf/lib/mno-hw-mul\libsmallc.a(lib_a-impure.o)
 .debug_line    0x00001b31      0x2d2 c:/altera/13.0sp1/nios2eds/bin/gnu/h-i686-mingw32/bin/../lib/gcc/nios2-elf/4.1.2/../../../../nios2-elf/lib/mno-hw-mul\libsmallc.a(lib_a-putc.o)
 .debug_line    0x00001e03      0x29d c:/altera/13.0sp1/nios2eds/bin/gnu/h-i686-mingw32/bin/../lib/gcc/nios2-elf/4.1.2/../../../../nios2-elf/lib/mno-hw-mul\libsmallc.a(lib_a-writer.o)
 .debug_line    0x000020a0      0x1e2 c:/altera/13.0sp1/nios2eds/bin/gnu/h-i686-mingw32/bin/../lib/gcc/nios2-elf/4.1.2/../../../../nios2-elf/lib/mno-hw-mul\libsmallc.a(lib_a-int_errno.o)
 .debug_line    0x00002282      0x24f c:/altera/13.0sp1/nios2eds/bin/gnu/h-i686-mingw32/bin/../lib/gcc/nios2-elf/4.1.2/mno-hw-mul\libgcc.a(lib2-divmod.o)
 .debug_line    0x000024d1      0x217 ../SM4_V1_bsp/\libhal_bsp.a(alt_load.o)
 .debug_line    0x000026e8      0x2ca ../SM4_V1_bsp/\libhal_bsp.a(alt_main.o)
 .debug_line    0x000029b2      0x2c9 ../SM4_V1_bsp/\libhal_bsp.a(alt_write.o)
 .debug_line    0x00002c7b      0x2a6 ../SM4_V1_bsp/\libhal_bsp.a(alt_sys_init.o)
 .debug_line    0x00002f21      0x1d7 ../SM4_V1_bsp/\libhal_bsp.a(altera_avalon_jtag_uart_fd.o)
 .debug_line    0x000030f8      0x343 ../SM4_V1_bsp/\libhal_bsp.a(altera_avalon_jtag_uart_read.o)
 .debug_line    0x0000343b      0x304 ../SM4_V1_bsp/\libhal_bsp.a(altera_avalon_jtag_uart_write.o)
 .debug_line    0x0000373f      0x299 ../SM4_V1_bsp/\libhal_bsp.a(alt_close.o)
 .debug_line    0x000039d8      0x1b5 ../SM4_V1_bsp/\libhal_bsp.a(alt_dcache_flush_all.o)
 .debug_line    0x00003b8d      0x254 ../SM4_V1_bsp/\libhal_bsp.a(alt_dev.o)
 .debug_line    0x00003de1      0x25a ../SM4_V1_bsp/\libhal_bsp.a(alt_dev_llist_insert.o)
 .debug_line    0x0000403b       0x83 ../SM4_V1_bsp/\libhal_bsp.a(alt_do_ctors.o)
 .debug_line    0x000040be       0x83 ../SM4_V1_bsp/\libhal_bsp.a(alt_do_dtors.o)
 .debug_line    0x00004141      0x1aa ../SM4_V1_bsp/\libhal_bsp.a(alt_errno.o)
 .debug_line    0x000042eb      0x1b5 ../SM4_V1_bsp/\libhal_bsp.a(alt_icache_flush_all.o)
 .debug_line    0x000044a0      0x2b4 ../SM4_V1_bsp/\libhal_bsp.a(alt_io_redirect.o)
 .debug_line    0x00004754      0x2ff ../SM4_V1_bsp/\libhal_bsp.a(alt_open.o)
 .debug_line    0x00004a53       0xed ../SM4_V1_bsp/\libhal_bsp.a(alt_release_fd.o)
 .debug_line    0x00004b40      0x1ce ../SM4_V1_bsp/\libhal_bsp.a(altera_nios2_qsys_irq.o)
 .debug_line    0x00004d0e      0x26b ../SM4_V1_bsp/\libhal_bsp.a(alt_find_dev.o)
 .debug_line    0x00004f79      0x27c ../SM4_V1_bsp/\libhal_bsp.a(alt_find_file.o)
 .debug_line    0x000051f5      0x297 ../SM4_V1_bsp/\libhal_bsp.a(alt_get_fd.o)
 .debug_line    0x0000548c      0x203 c:/altera/13.0sp1/nios2eds/bin/gnu/h-i686-mingw32/bin/../lib/gcc/nios2-elf/4.1.2/../../../../nios2-elf/lib/mno-hw-mul\libsmallc.a(lib_a-atexit.o)
 .debug_line    0x0000568f      0x223 c:/altera/13.0sp1/nios2eds/bin/gnu/h-i686-mingw32/bin/../lib/gcc/nios2-elf/4.1.2/../../../../nios2-elf/lib/mno-hw-mul\libsmallc.a(lib_a-exit.o)
 .debug_line    0x000058b2      0x270 c:/altera/13.0sp1/nios2eds/bin/gnu/h-i686-mingw32/bin/../lib/gcc/nios2-elf/4.1.2/../../../../nios2-elf/lib/mno-hw-mul\libsmallc.a(lib_a-memcmp.o)
 .debug_line    0x00005b22      0x350 c:/altera/13.0sp1/nios2eds/bin/gnu/h-i686-mingw32/bin/../lib/gcc/nios2-elf/4.1.2/../../../../nios2-elf/lib/mno-hw-mul\libsmallc.a(lib_a-__atexit.o)
 .debug_line    0x00005e72      0x360 c:/altera/13.0sp1/nios2eds/bin/gnu/h-i686-mingw32/bin/../lib/gcc/nios2-elf/4.1.2/../../../../nios2-elf/lib/mno-hw-mul\libsmallc.a(lib_a-__call_atexit.o)
 .debug_line    0x000061d2      0x206 ../SM4_V1_bsp/\libhal_bsp.a(alt_exit.o)

.debug_frame    0x00000000      0x88c
 *(.debug_frame)
 .debug_frame   0x00000000       0x30 obj/default/source.o
 .debug_frame   0x00000030       0x20 c:/altera/13.0sp1/nios2eds/bin/gnu/h-i686-mingw32/bin/../lib/gcc/nios2-elf/4.1.2/mno-hw-mul\libgcc.a(lib2-mul.o)
 .debug_frame   0x00000050       0x40 c:/altera/13.0sp1/nios2eds/bin/gnu/h-i686-mingw32/bin/../lib/gcc/nios2-elf/4.1.2/../../../../nios2-elf/lib/mno-hw-mul\libsmallc.a(lib_a-printf.o)
 .debug_frame   0x00000090       0x30 c:/altera/13.0sp1/nios2eds/bin/gnu/h-i686-mingw32/bin/../lib/gcc/nios2-elf/4.1.2/../../../../nios2-elf/lib/mno-hw-mul\libsmallc.a(lib_a-putchar.o)
 .debug_frame   0x000000c0       0x3c c:/altera/13.0sp1/nios2eds/bin/gnu/h-i686-mingw32/bin/../lib/gcc/nios2-elf/4.1.2/../../../../nios2-elf/lib/mno-hw-mul\libsmallc.a(lib_a-puts.o)
 .debug_frame   0x000000fc       0x20 c:/altera/13.0sp1/nios2eds/bin/gnu/h-i686-mingw32/bin/../lib/gcc/nios2-elf/4.1.2/../../../../nios2-elf/lib/mno-hw-mul\libsmallc.a(lib_a-strlen.o)
 .debug_frame   0x0000011c       0x64 c:/altera/13.0sp1/nios2eds/bin/gnu/h-i686-mingw32/bin/../lib/gcc/nios2-elf/4.1.2/../../../../nios2-elf/lib/mno-hw-mul\libsmallc.a(lib_a-vfprintf.o)
 .debug_frame   0x00000180       0x30 c:/altera/13.0sp1/nios2eds/bin/gnu/h-i686-mingw32/bin/../lib/gcc/nios2-elf/4.1.2/../../../../nios2-elf/lib/mno-hw-mul\libsmallc.a(lib_a-fvwrite_small_dev.o)
 .debug_frame   0x000001b0       0x48 c:/altera/13.0sp1/nios2eds/bin/gnu/h-i686-mingw32/bin/../lib/gcc/nios2-elf/4.1.2/../../../../nios2-elf/lib/mno-hw-mul\libsmallc.a(lib_a-putc.o)
 .debug_frame   0x000001f8       0x2c c:/altera/13.0sp1/nios2eds/bin/gnu/h-i686-mingw32/bin/../lib/gcc/nios2-elf/4.1.2/../../../../nios2-elf/lib/mno-hw-mul\libsmallc.a(lib_a-writer.o)
 .debug_frame   0x00000224       0x70 c:/altera/13.0sp1/nios2eds/bin/gnu/h-i686-mingw32/bin/../lib/gcc/nios2-elf/4.1.2/mno-hw-mul\libgcc.a(lib2-divmod.o)
 .debug_frame   0x00000294       0x48 ../SM4_V1_bsp/\libhal_bsp.a(alt_load.o)
 .debug_frame   0x000002dc       0x2c ../SM4_V1_bsp/\libhal_bsp.a(alt_main.o)
 .debug_frame   0x00000308       0x48 ../SM4_V1_bsp/\libhal_bsp.a(alt_write.o)
 .debug_frame   0x00000350       0x64 ../SM4_V1_bsp/\libhal_bsp.a(alt_sys_init.o)
 .debug_frame   0x000003b4       0x48 ../SM4_V1_bsp/\libhal_bsp.a(altera_avalon_jtag_uart_fd.o)
 .debug_frame   0x000003fc       0x2c ../SM4_V1_bsp/\libhal_bsp.a(altera_avalon_jtag_uart_read.o)
 .debug_frame   0x00000428       0x2c ../SM4_V1_bsp/\libhal_bsp.a(altera_avalon_jtag_uart_write.o)
 .debug_frame   0x00000454       0x48 ../SM4_V1_bsp/\libhal_bsp.a(alt_close.o)
 .debug_frame   0x0000049c       0x2c ../SM4_V1_bsp/\libhal_bsp.a(alt_dcache_flush_all.o)
 .debug_frame   0x000004c8       0x2c ../SM4_V1_bsp/\libhal_bsp.a(alt_dev.o)
 .debug_frame   0x000004f4       0x48 ../SM4_V1_bsp/\libhal_bsp.a(alt_dev_llist_insert.o)
 .debug_frame   0x0000053c       0x2c ../SM4_V1_bsp/\libhal_bsp.a(alt_do_ctors.o)
 .debug_frame   0x00000568       0x2c ../SM4_V1_bsp/\libhal_bsp.a(alt_do_dtors.o)
 .debug_frame   0x00000594       0x2c ../SM4_V1_bsp/\libhal_bsp.a(alt_icache_flush_all.o)
 .debug_frame   0x000005c0       0x4c ../SM4_V1_bsp/\libhal_bsp.a(alt_io_redirect.o)
 .debug_frame   0x0000060c       0x68 ../SM4_V1_bsp/\libhal_bsp.a(alt_open.o)
 .debug_frame   0x00000674       0x30 ../SM4_V1_bsp/\libhal_bsp.a(alt_release_fd.o)
 .debug_frame   0x000006a4       0x2c ../SM4_V1_bsp/\libhal_bsp.a(altera_nios2_qsys_irq.o)
 .debug_frame   0x000006d0       0x2c ../SM4_V1_bsp/\libhal_bsp.a(alt_find_dev.o)
 .debug_frame   0x000006fc       0x2c ../SM4_V1_bsp/\libhal_bsp.a(alt_find_file.o)
 .debug_frame   0x00000728       0x30 ../SM4_V1_bsp/\libhal_bsp.a(alt_get_fd.o)
 .debug_frame   0x00000758       0x20 c:/altera/13.0sp1/nios2eds/bin/gnu/h-i686-mingw32/bin/../lib/gcc/nios2-elf/4.1.2/../../../../nios2-elf/lib/mno-hw-mul\libsmallc.a(lib_a-atexit.o)
 .debug_frame   0x00000778       0x2c c:/altera/13.0sp1/nios2eds/bin/gnu/h-i686-mingw32/bin/../lib/gcc/nios2-elf/4.1.2/../../../../nios2-elf/lib/mno-hw-mul\libsmallc.a(lib_a-exit.o)
 .debug_frame   0x000007a4       0x20 c:/altera/13.0sp1/nios2eds/bin/gnu/h-i686-mingw32/bin/../lib/gcc/nios2-elf/4.1.2/../../../../nios2-elf/lib/mno-hw-mul\libsmallc.a(lib_a-memcmp.o)
 .debug_frame   0x000007c4       0x34 c:/altera/13.0sp1/nios2eds/bin/gnu/h-i686-mingw32/bin/../lib/gcc/nios2-elf/4.1.2/../../../../nios2-elf/lib/mno-hw-mul\libsmallc.a(lib_a-__atexit.o)
 .debug_frame   0x000007f8       0x4c c:/altera/13.0sp1/nios2eds/bin/gnu/h-i686-mingw32/bin/../lib/gcc/nios2-elf/4.1.2/../../../../nios2-elf/lib/mno-hw-mul\libsmallc.a(lib_a-__call_atexit.o)
 .debug_frame   0x00000844       0x48 ../SM4_V1_bsp/\libhal_bsp.a(alt_exit.o)

.debug_str      0x00000000      0xe16
 *(.debug_str)
 .debug_str     0x00000000       0x12 obj/default/source.o
 .debug_str     0x00000012      0x128 c:/altera/13.0sp1/nios2eds/bin/gnu/h-i686-mingw32/bin/../lib/gcc/nios2-elf/4.1.2/mno-hw-mul\libgcc.a(lib2-mul.o)
                                0x175 (size before relaxing)
 .debug_str     0x0000013a      0x3aa c:/altera/13.0sp1/nios2eds/bin/gnu/h-i686-mingw32/bin/../lib/gcc/nios2-elf/4.1.2/../../../../nios2-elf/lib/mno-hw-mul\libsmallc.a(lib_a-printf.o)
                                0x466 (size before relaxing)
 .debug_str     0x000004e4       0x51 c:/altera/13.0sp1/nios2eds/bin/gnu/h-i686-mingw32/bin/../lib/gcc/nios2-elf/4.1.2/../../../../nios2-elf/lib/mno-hw-mul\libsmallc.a(lib_a-putchar.o)
                                0x452 (size before relaxing)
 .debug_str     0x00000535       0x48 c:/altera/13.0sp1/nios2eds/bin/gnu/h-i686-mingw32/bin/../lib/gcc/nios2-elf/4.1.2/../../../../nios2-elf/lib/mno-hw-mul\libsmallc.a(lib_a-puts.o)
                                0x450 (size before relaxing)
 .debug_str     0x0000057d       0xe2 c:/altera/13.0sp1/nios2eds/bin/gnu/h-i686-mingw32/bin/../lib/gcc/nios2-elf/4.1.2/../../../../nios2-elf/lib/mno-hw-mul\libsmallc.a(lib_a-strlen.o)
                                0x184 (size before relaxing)
 .debug_str     0x0000065f      0x168 c:/altera/13.0sp1/nios2eds/bin/gnu/h-i686-mingw32/bin/../lib/gcc/nios2-elf/4.1.2/../../../../nios2-elf/lib/mno-hw-mul\libsmallc.a(lib_a-vfprintf.o)
                                0x5af (size before relaxing)
 .debug_str     0x000007c7       0x70 c:/altera/13.0sp1/nios2eds/bin/gnu/h-i686-mingw32/bin/../lib/gcc/nios2-elf/4.1.2/../../../../nios2-elf/lib/mno-hw-mul\libsmallc.a(lib_a-fvwrite_small_dev.o)
                                0x46a (size before relaxing)
 .debug_str     0x00000837       0xf8 c:/altera/13.0sp1/nios2eds/bin/gnu/h-i686-mingw32/bin/../lib/gcc/nios2-elf/4.1.2/../../../../nios2-elf/lib/mno-hw-mul\libsmallc.a(lib_a-impure.o)
                                0x45d (size before relaxing)
 .debug_str     0x0000092f       0x4f c:/altera/13.0sp1/nios2eds/bin/gnu/h-i686-mingw32/bin/../lib/gcc/nios2-elf/4.1.2/../../../../nios2-elf/lib/mno-hw-mul\libsmallc.a(lib_a-putc.o)
                                0x455 (size before relaxing)
 .debug_str     0x0000097e       0x4f c:/altera/13.0sp1/nios2eds/bin/gnu/h-i686-mingw32/bin/../lib/gcc/nios2-elf/4.1.2/../../../../nios2-elf/lib/mno-hw-mul\libsmallc.a(lib_a-writer.o)
                                0x451 (size before relaxing)
 .debug_str     0x000009cd       0x40 c:/altera/13.0sp1/nios2eds/bin/gnu/h-i686-mingw32/bin/../lib/gcc/nios2-elf/4.1.2/../../../../nios2-elf/lib/mno-hw-mul\libsmallc.a(lib_a-int_errno.o)
                                0x177 (size before relaxing)
 .debug_str     0x00000a0d       0x76 c:/altera/13.0sp1/nios2eds/bin/gnu/h-i686-mingw32/bin/../lib/gcc/nios2-elf/4.1.2/mno-hw-mul\libgcc.a(lib2-divmod.o)
                                0x1b4 (size before relaxing)
 .debug_str     0x00000a83       0x12 ../SM4_V1_bsp/\libhal_bsp.a(alt_load.o)
 .debug_str     0x00000a95       0x12 ../SM4_V1_bsp/\libhal_bsp.a(alt_main.o)
 .debug_str     0x00000aa7       0x12 ../SM4_V1_bsp/\libhal_bsp.a(alt_write.o)
 .debug_str     0x00000ab9       0x12 ../SM4_V1_bsp/\libhal_bsp.a(alt_sys_init.o)
 .debug_str     0x00000acb       0x12 ../SM4_V1_bsp/\libhal_bsp.a(altera_avalon_jtag_uart_read.o)
 .debug_str     0x00000add       0x12 ../SM4_V1_bsp/\libhal_bsp.a(altera_avalon_jtag_uart_write.o)
 .debug_str     0x00000aef       0x12 ../SM4_V1_bsp/\libhal_bsp.a(alt_close.o)
 .debug_str     0x00000b01       0x12 ../SM4_V1_bsp/\libhal_bsp.a(alt_dcache_flush_all.o)
 .debug_str     0x00000b13       0x12 ../SM4_V1_bsp/\libhal_bsp.a(alt_dev.o)
 .debug_str     0x00000b25       0x12 ../SM4_V1_bsp/\libhal_bsp.a(alt_dev_llist_insert.o)
 .debug_str     0x00000b37       0x12 ../SM4_V1_bsp/\libhal_bsp.a(alt_errno.o)
 .debug_str     0x00000b49       0x12 ../SM4_V1_bsp/\libhal_bsp.a(alt_icache_flush_all.o)
 .debug_str     0x00000b5b       0x12 ../SM4_V1_bsp/\libhal_bsp.a(alt_io_redirect.o)
 .debug_str     0x00000b6d       0x12 ../SM4_V1_bsp/\libhal_bsp.a(alt_open.o)
 .debug_str     0x00000b7f       0x12 ../SM4_V1_bsp/\libhal_bsp.a(altera_nios2_qsys_irq.o)
 .debug_str     0x00000b91       0x12 ../SM4_V1_bsp/\libhal_bsp.a(alt_find_dev.o)
 .debug_str     0x00000ba3       0x12 ../SM4_V1_bsp/\libhal_bsp.a(alt_find_file.o)
 .debug_str     0x00000bb5       0x12 ../SM4_V1_bsp/\libhal_bsp.a(alt_get_fd.o)
 .debug_str     0x00000bc7       0xdb c:/altera/13.0sp1/nios2eds/bin/gnu/h-i686-mingw32/bin/../lib/gcc/nios2-elf/4.1.2/../../../../nios2-elf/lib/mno-hw-mul\libsmallc.a(lib_a-atexit.o)
                                0x1e5 (size before relaxing)
 .debug_str     0x00000ca2       0x41 c:/altera/13.0sp1/nios2eds/bin/gnu/h-i686-mingw32/bin/../lib/gcc/nios2-elf/4.1.2/../../../../nios2-elf/lib/mno-hw-mul\libsmallc.a(lib_a-exit.o)
                                0x178 (size before relaxing)
 .debug_str     0x00000ce3       0x45 c:/altera/13.0sp1/nios2eds/bin/gnu/h-i686-mingw32/bin/../lib/gcc/nios2-elf/4.1.2/../../../../nios2-elf/lib/mno-hw-mul\libsmallc.a(lib_a-memcmp.o)
                                0x17e (size before relaxing)
 .debug_str     0x00000d28       0x54 c:/altera/13.0sp1/nios2eds/bin/gnu/h-i686-mingw32/bin/../lib/gcc/nios2-elf/4.1.2/../../../../nios2-elf/lib/mno-hw-mul\libsmallc.a(lib_a-__atexit.o)
                                0x467 (size before relaxing)
 .debug_str     0x00000d7c       0x7e c:/altera/13.0sp1/nios2eds/bin/gnu/h-i686-mingw32/bin/../lib/gcc/nios2-elf/4.1.2/../../../../nios2-elf/lib/mno-hw-mul\libsmallc.a(lib_a-__call_atexit.o)
                                0x491 (size before relaxing)
 .debug_str     0x00000dfa       0x1c ../SM4_V1_bsp/\libhal_bsp.a(alt_exit.o)

.debug_loc      0x00000000     0x187b
 *(.debug_loc)
 .debug_loc     0x00000000       0x2c obj/default/source.o
 .debug_loc     0x0000002c       0x4f c:/altera/13.0sp1/nios2eds/bin/gnu/h-i686-mingw32/bin/../lib/gcc/nios2-elf/4.1.2/mno-hw-mul\libgcc.a(lib2-mul.o)
 .debug_loc     0x0000007b       0x8d c:/altera/13.0sp1/nios2eds/bin/gnu/h-i686-mingw32/bin/../lib/gcc/nios2-elf/4.1.2/../../../../nios2-elf/lib/mno-hw-mul\libsmallc.a(lib_a-printf.o)
 .debug_loc     0x00000108       0x44 c:/altera/13.0sp1/nios2eds/bin/gnu/h-i686-mingw32/bin/../lib/gcc/nios2-elf/4.1.2/../../../../nios2-elf/lib/mno-hw-mul\libsmallc.a(lib_a-putchar.o)
 .debug_loc     0x0000014c       0xa2 c:/altera/13.0sp1/nios2eds/bin/gnu/h-i686-mingw32/bin/../lib/gcc/nios2-elf/4.1.2/../../../../nios2-elf/lib/mno-hw-mul\libsmallc.a(lib_a-puts.o)
 .debug_loc     0x000001ee       0x1e c:/altera/13.0sp1/nios2eds/bin/gnu/h-i686-mingw32/bin/../lib/gcc/nios2-elf/4.1.2/../../../../nios2-elf/lib/mno-hw-mul\libsmallc.a(lib_a-strlen.o)
 .debug_loc     0x0000020c      0x878 c:/altera/13.0sp1/nios2eds/bin/gnu/h-i686-mingw32/bin/../lib/gcc/nios2-elf/4.1.2/../../../../nios2-elf/lib/mno-hw-mul\libsmallc.a(lib_a-vfprintf.o)
 .debug_loc     0x00000a84      0x162 c:/altera/13.0sp1/nios2eds/bin/gnu/h-i686-mingw32/bin/../lib/gcc/nios2-elf/4.1.2/../../../../nios2-elf/lib/mno-hw-mul\libsmallc.a(lib_a-fvwrite_small_dev.o)
 .debug_loc     0x00000be6       0xd4 c:/altera/13.0sp1/nios2eds/bin/gnu/h-i686-mingw32/bin/../lib/gcc/nios2-elf/4.1.2/../../../../nios2-elf/lib/mno-hw-mul\libsmallc.a(lib_a-putc.o)
 .debug_loc     0x00000cba       0x97 c:/altera/13.0sp1/nios2eds/bin/gnu/h-i686-mingw32/bin/../lib/gcc/nios2-elf/4.1.2/../../../../nios2-elf/lib/mno-hw-mul\libsmallc.a(lib_a-writer.o)
 .debug_loc     0x00000d51      0x1d2 c:/altera/13.0sp1/nios2eds/bin/gnu/h-i686-mingw32/bin/../lib/gcc/nios2-elf/4.1.2/mno-hw-mul\libgcc.a(lib2-divmod.o)
 .debug_loc     0x00000f23       0x56 ../SM4_V1_bsp/\libhal_bsp.a(alt_load.o)
 .debug_loc     0x00000f79       0x2b ../SM4_V1_bsp/\libhal_bsp.a(alt_main.o)
 .debug_loc     0x00000fa4       0x56 ../SM4_V1_bsp/\libhal_bsp.a(alt_write.o)
 .debug_loc     0x00000ffa       0x81 ../SM4_V1_bsp/\libhal_bsp.a(alt_sys_init.o)
 .debug_loc     0x0000107b       0x56 ../SM4_V1_bsp/\libhal_bsp.a(altera_avalon_jtag_uart_fd.o)
 .debug_loc     0x000010d1       0x2b ../SM4_V1_bsp/\libhal_bsp.a(altera_avalon_jtag_uart_read.o)
 .debug_loc     0x000010fc       0x2b ../SM4_V1_bsp/\libhal_bsp.a(altera_avalon_jtag_uart_write.o)
 .debug_loc     0x00001127       0x56 ../SM4_V1_bsp/\libhal_bsp.a(alt_close.o)
 .debug_loc     0x0000117d       0x2b ../SM4_V1_bsp/\libhal_bsp.a(alt_dcache_flush_all.o)
 .debug_loc     0x000011a8       0x2b ../SM4_V1_bsp/\libhal_bsp.a(alt_dev.o)
 .debug_loc     0x000011d3       0x56 ../SM4_V1_bsp/\libhal_bsp.a(alt_dev_llist_insert.o)
 .debug_loc     0x00001229       0x2b ../SM4_V1_bsp/\libhal_bsp.a(alt_do_ctors.o)
 .debug_loc     0x00001254       0x2b ../SM4_V1_bsp/\libhal_bsp.a(alt_do_dtors.o)
 .debug_loc     0x0000127f       0x2b ../SM4_V1_bsp/\libhal_bsp.a(alt_icache_flush_all.o)
 .debug_loc     0x000012aa       0x56 ../SM4_V1_bsp/\libhal_bsp.a(alt_io_redirect.o)
 .debug_loc     0x00001300       0x81 ../SM4_V1_bsp/\libhal_bsp.a(alt_open.o)
 .debug_loc     0x00001381       0x2b ../SM4_V1_bsp/\libhal_bsp.a(alt_release_fd.o)
 .debug_loc     0x000013ac       0x2b ../SM4_V1_bsp/\libhal_bsp.a(altera_nios2_qsys_irq.o)
 .debug_loc     0x000013d7       0x2b ../SM4_V1_bsp/\libhal_bsp.a(alt_find_dev.o)
 .debug_loc     0x00001402       0x2b ../SM4_V1_bsp/\libhal_bsp.a(alt_find_file.o)
 .debug_loc     0x0000142d       0x2b ../SM4_V1_bsp/\libhal_bsp.a(alt_get_fd.o)
 .debug_loc     0x00001458       0x1e c:/altera/13.0sp1/nios2eds/bin/gnu/h-i686-mingw32/bin/../lib/gcc/nios2-elf/4.1.2/../../../../nios2-elf/lib/mno-hw-mul\libsmallc.a(lib_a-atexit.o)
 .debug_loc     0x00001476       0x3d c:/altera/13.0sp1/nios2eds/bin/gnu/h-i686-mingw32/bin/../lib/gcc/nios2-elf/4.1.2/../../../../nios2-elf/lib/mno-hw-mul\libsmallc.a(lib_a-exit.o)
 .debug_loc     0x000014b3       0x70 c:/altera/13.0sp1/nios2eds/bin/gnu/h-i686-mingw32/bin/../lib/gcc/nios2-elf/4.1.2/../../../../nios2-elf/lib/mno-hw-mul\libsmallc.a(lib_a-memcmp.o)
 .debug_loc     0x00001523      0x141 c:/altera/13.0sp1/nios2eds/bin/gnu/h-i686-mingw32/bin/../lib/gcc/nios2-elf/4.1.2/../../../../nios2-elf/lib/mno-hw-mul\libsmallc.a(lib_a-__atexit.o)
 .debug_loc     0x00001664      0x1c1 c:/altera/13.0sp1/nios2eds/bin/gnu/h-i686-mingw32/bin/../lib/gcc/nios2-elf/4.1.2/../../../../nios2-elf/lib/mno-hw-mul\libsmallc.a(lib_a-__call_atexit.o)
 .debug_loc     0x00001825       0x56 ../SM4_V1_bsp/\libhal_bsp.a(alt_exit.o)

.debug_macinfo
 *(.debug_macinfo)

.debug_weaknames
 *(.debug_weaknames)

.debug_funcnames
 *(.debug_funcnames)

.debug_typenames
 *(.debug_typenames)

.debug_varnames
 *(.debug_varnames)

.debug_alt_sim_info
                0x00000000       0x10
 *(.debug_alt_sim_info)
 .debug_alt_sim_info
                0x00000000       0x10 ../SM4_V1_bsp//obj/HAL/src/crt0.o
                0x00010000                __alt_data_end = 0x10000
                0x00010000                PROVIDE (__alt_stack_pointer, __alt_data_end)
                0x0000b11c                PROVIDE (__alt_stack_limit, __alt_stack_base)
                0x0000b11c                PROVIDE (__alt_heap_start, end)
                0x00010000                PROVIDE (__alt_heap_limit, 0x10000)
OUTPUT(SM4_V1.elf elf32-littlenios2)

.debug_ranges   0x00000000      0x178
 .debug_ranges  0x00000000       0x20 ../SM4_V1_bsp//obj/HAL/src/crt0.o
 .debug_ranges  0x00000020      0x140 c:/altera/13.0sp1/nios2eds/bin/gnu/h-i686-mingw32/bin/../lib/gcc/nios2-elf/4.1.2/../../../../nios2-elf/lib/mno-hw-mul\libsmallc.a(lib_a-vfprintf.o)
 .debug_ranges  0x00000160       0x18 c:/altera/13.0sp1/nios2eds/bin/gnu/h-i686-mingw32/bin/../lib/gcc/nios2-elf/4.1.2/../../../../nios2-elf/lib/mno-hw-mul\libsmallc.a(lib_a-__call_atexit.o)
